Archive member included to satisfy reference by file (symbol)

/home/stepan/Software/AC6/plugins/fr.ac6.mcu.externaltools.arm-none.linux64_1.15.0.201708311556/tools/compiler/bin/../lib/gcc/arm-none-eabi/6.3.1/../../../../arm-none-eabi/lib/thumb/v7e-m/fpv4-sp/hard/libc_nano.a(lib_a-exit.o)
                              /home/stepan/Software/AC6/plugins/fr.ac6.mcu.externaltools.arm-none.linux64_1.15.0.201708311556/tools/compiler/bin/../lib/gcc/arm-none-eabi/6.3.1/../../../../arm-none-eabi/lib/thumb/v7e-m/fpv4-sp/hard/crt0.o (exit)
/home/stepan/Software/AC6/plugins/fr.ac6.mcu.externaltools.arm-none.linux64_1.15.0.201708311556/tools/compiler/bin/../lib/gcc/arm-none-eabi/6.3.1/../../../../arm-none-eabi/lib/thumb/v7e-m/fpv4-sp/hard/libc_nano.a(lib_a-impure.o)
                              /home/stepan/Software/AC6/plugins/fr.ac6.mcu.externaltools.arm-none.linux64_1.15.0.201708311556/tools/compiler/bin/../lib/gcc/arm-none-eabi/6.3.1/../../../../arm-none-eabi/lib/thumb/v7e-m/fpv4-sp/hard/libc_nano.a(lib_a-exit.o) (_global_impure_ptr)
/home/stepan/Software/AC6/plugins/fr.ac6.mcu.externaltools.arm-none.linux64_1.15.0.201708311556/tools/compiler/bin/../lib/gcc/arm-none-eabi/6.3.1/../../../../arm-none-eabi/lib/thumb/v7e-m/fpv4-sp/hard/libc_nano.a(lib_a-init.o)
                              /home/stepan/Software/AC6/plugins/fr.ac6.mcu.externaltools.arm-none.linux64_1.15.0.201708311556/tools/compiler/bin/../lib/gcc/arm-none-eabi/6.3.1/../../../../arm-none-eabi/lib/thumb/v7e-m/fpv4-sp/hard/crt0.o (__libc_init_array)
/home/stepan/Software/AC6/plugins/fr.ac6.mcu.externaltools.arm-none.linux64_1.15.0.201708311556/tools/compiler/bin/../lib/gcc/arm-none-eabi/6.3.1/../../../../arm-none-eabi/lib/thumb/v7e-m/fpv4-sp/hard/libc_nano.a(lib_a-memcpy-stub.o)
                              Src/errors_manager.o (memcpy)
/home/stepan/Software/AC6/plugins/fr.ac6.mcu.externaltools.arm-none.linux64_1.15.0.201708311556/tools/compiler/bin/../lib/gcc/arm-none-eabi/6.3.1/../../../../arm-none-eabi/lib/thumb/v7e-m/fpv4-sp/hard/libc_nano.a(lib_a-memset.o)
                              /home/stepan/Software/AC6/plugins/fr.ac6.mcu.externaltools.arm-none.linux64_1.15.0.201708311556/tools/compiler/bin/../lib/gcc/arm-none-eabi/6.3.1/../../../../arm-none-eabi/lib/thumb/v7e-m/fpv4-sp/hard/crt0.o (memset)
/home/stepan/Software/AC6/plugins/fr.ac6.mcu.externaltools.arm-none.linux64_1.15.0.201708311556/tools/compiler/bin/../lib/gcc/arm-none-eabi/6.3.1/../../../../arm-none-eabi/lib/thumb/v7e-m/fpv4-sp/hard/libc_nano.a(lib_a-strlen.o)
                              Src/jeti_uart.o (strlen)
/home/stepan/Software/AC6/plugins/fr.ac6.mcu.externaltools.arm-none.linux64_1.15.0.201708311556/tools/compiler/bin/../lib/gcc/arm-none-eabi/6.3.1/../../../../arm-none-eabi/lib/thumb/v7e-m/fpv4-sp/hard/libnosys.a(_exit.o)
                              /home/stepan/Software/AC6/plugins/fr.ac6.mcu.externaltools.arm-none.linux64_1.15.0.201708311556/tools/compiler/bin/../lib/gcc/arm-none-eabi/6.3.1/../../../../arm-none-eabi/lib/thumb/v7e-m/fpv4-sp/hard/libc_nano.a(lib_a-exit.o) (_exit)

Allocating common symbols
Common symbol       size              file

stack_lenght        0x40              Src/jeti_uart.o
ex_text1            0x58              Src/jeti_uart.o
ex_data             0x52              Src/jeti_uart.o
htim17              0x40              Src/main.o
hcan                0x44              Src/main.o
uwTick              0x4               Drivers/STM32F3xx_HAL_Driver/Src/stm32f3xx_hal.o
pFlash              0x20              Drivers/STM32F3xx_HAL_Driver/Src/stm32f3xx_hal_flash.o
htim3               0x40              Src/main.o
hadc1               0x54              Src/main.o
ex_text2            0x58              Src/jeti_uart.o
htim6               0x40              Src/main.o
hspi1               0x64              Src/main.o
ex_text_plain       0x58              Src/jeti_uart.o
stack_seq           0x2200            Src/jeti_uart.o
htim16              0x40              Src/main.o
htim7               0x40              Src/main.o
ex_text3            0x58              Src/jeti_uart.o

Discarded input sections

 .text          0x0000000000000000        0x0 /home/stepan/Software/AC6/plugins/fr.ac6.mcu.externaltools.arm-none.linux64_1.15.0.201708311556/tools/compiler/bin/../lib/gcc/arm-none-eabi/6.3.1/thumb/v7e-m/fpv4-sp/hard/crti.o
 .data          0x0000000000000000        0x0 /home/stepan/Software/AC6/plugins/fr.ac6.mcu.externaltools.arm-none.linux64_1.15.0.201708311556/tools/compiler/bin/../lib/gcc/arm-none-eabi/6.3.1/thumb/v7e-m/fpv4-sp/hard/crti.o
 .bss           0x0000000000000000        0x0 /home/stepan/Software/AC6/plugins/fr.ac6.mcu.externaltools.arm-none.linux64_1.15.0.201708311556/tools/compiler/bin/../lib/gcc/arm-none-eabi/6.3.1/thumb/v7e-m/fpv4-sp/hard/crti.o
[...]
Memory Configuration

Name             Origin             Length             Attributes
RAM              0x0000000020000000 0x0000000000003000 xrw
CCMRAM           0x0000000010000000 0x0000000000001000 rw
FLASH            0x0000000008000000 0x0000000000008000 xr
*default*        0x0000000000000000 0xffffffffffffffff

Linker script and memory map

LOAD /home/stepan/Software/AC6/plugins/fr.ac6.mcu.externaltools.arm-none.linux64_1.15.0.201708311556/tools/compiler/bin/../lib/gcc/arm-none-eabi/6.3.1/thumb/v7e-m/fpv4-sp/hard/crti.o
LOAD /home/stepan/Software/AC6/plugins/fr.ac6.mcu.externaltools.arm-none.linux64_1.15.0.201708311556/tools/compiler/bin/../lib/gcc/arm-none-eabi/6.3.1/thumb/v7e-m/fpv4-sp/hard/crtbegin.o
LOAD /home/stepan/Software/AC6/plugins/fr.ac6.mcu.externaltools.arm-none.linux64_1.15.0.201708311556/tools/compiler/bin/../lib/gcc/arm-none-eabi/6.3.1/../../../../arm-none-eabi/lib/thumb/v7e-m/fpv4-sp/hard/crt0.o
LOAD Drivers/STM32F3xx_HAL_Driver/Src/stm32f3xx_hal.o
LOAD Drivers/STM32F3xx_HAL_Driver/Src/stm32f3xx_hal_adc.o
LOAD Drivers/STM32F3xx_HAL_Driver/Src/stm32f3xx_hal_adc_ex.o
LOAD Drivers/STM32F3xx_HAL_Driver/Src/stm32f3xx_hal_can.o
LOAD Drivers/STM32F3xx_HAL_Driver/Src/stm32f3xx_hal_cortex.o
LOAD Drivers/STM32F3xx_HAL_Driver/Src/stm32f3xx_hal_dma.o
LOAD Drivers/STM32F3xx_HAL_Driver/Src/stm32f3xx_hal_flash.o
LOAD Drivers/STM32F3xx_HAL_Driver/Src/stm32f3xx_hal_flash_ex.o
LOAD Drivers/STM32F3xx_HAL_Driver/Src/stm32f3xx_hal_gpio.o
LOAD Drivers/STM32F3xx_HAL_Driver/Src/stm32f3xx_hal_i2c.o
LOAD Drivers/STM32F3xx_HAL_Driver/Src/stm32f3xx_hal_i2c_ex.o
LOAD Drivers/STM32F3xx_HAL_Driver/Src/stm32f3xx_hal_pwr.o
LOAD Drivers/STM32F3xx_HAL_Driver/Src/stm32f3xx_hal_pwr_ex.o
LOAD Drivers/STM32F3xx_HAL_Driver/Src/stm32f3xx_hal_rcc.o
LOAD Drivers/STM32F3xx_HAL_Driver/Src/stm32f3xx_hal_rcc_ex.o
LOAD Drivers/STM32F3xx_HAL_Driver/Src/stm32f3xx_hal_spi.o
LOAD Drivers/STM32F3xx_HAL_Driver/Src/stm32f3xx_hal_spi_ex.o
LOAD Drivers/STM32F3xx_HAL_Driver/Src/stm32f3xx_hal_tim.o
LOAD Drivers/STM32F3xx_HAL_Driver/Src/stm32f3xx_hal_tim_ex.o
LOAD Src/MC33797.o
LOAD Src/errors_manager.o
LOAD Src/jeti_uart.o
LOAD Src/main.o
LOAD Src/stm32f3xx_hal_msp.o
LOAD Src/stm32f3xx_it.o
LOAD Src/system_stm32f3xx.o
LOAD startup/startup_stm32f303x8.o
LOAD /home/stepan/Software/AC6/plugins/fr.ac6.mcu.externaltools.arm-none.linux64_1.15.0.201708311556/tools/compiler/bin/../lib/gcc/arm-none-eabi/6.3.1/../../../../arm-none-eabi/lib/thumb/v7e-m/fpv4-sp/hard/libm.a
START GROUP
LOAD /home/stepan/Software/AC6/plugins/fr.ac6.mcu.externaltools.arm-none.linux64_1.15.0.201708311556/tools/compiler/bin/../lib/gcc/arm-none-eabi/6.3.1/thumb/v7e-m/fpv4-sp/hard/libgcc.a
LOAD /home/stepan/Software/AC6/plugins/fr.ac6.mcu.externaltools.arm-none.linux64_1.15.0.201708311556/tools/compiler/bin/../lib/gcc/arm-none-eabi/6.3.1/../../../../arm-none-eabi/lib/thumb/v7e-m/fpv4-sp/hard/libc_nano.a
END GROUP
START GROUP
LOAD /home/stepan/Software/AC6/plugins/fr.ac6.mcu.externaltools.arm-none.linux64_1.15.0.201708311556/tools/compiler/bin/../lib/gcc/arm-none-eabi/6.3.1/thumb/v7e-m/fpv4-sp/hard/libgcc.a
LOAD /home/stepan/Software/AC6/plugins/fr.ac6.mcu.externaltools.arm-none.linux64_1.15.0.201708311556/tools/compiler/bin/../lib/gcc/arm-none-eabi/6.3.1/../../../../arm-none-eabi/lib/thumb/v7e-m/fpv4-sp/hard/libc_nano.a
LOAD /home/stepan/Software/AC6/plugins/fr.ac6.mcu.externaltools.arm-none.linux64_1.15.0.201708311556/tools/compiler/bin/../lib/gcc/arm-none-eabi/6.3.1/../../../../arm-none-eabi/lib/thumb/v7e-m/fpv4-sp/hard/libnosys.a
END GROUP
START GROUP
LOAD /home/stepan/Software/AC6/plugins/fr.ac6.mcu.externaltools.arm-none.linux64_1.15.0.201708311556/tools/compiler/bin/../lib/gcc/arm-none-eabi/6.3.1/thumb/v7e-m/fpv4-sp/hard/libgcc.a
LOAD /home/stepan/Software/AC6/plugins/fr.ac6.mcu.externaltools.arm-none.linux64_1.15.0.201708311556/tools/compiler/bin/../lib/gcc/arm-none-eabi/6.3.1/../../../../arm-none-eabi/lib/thumb/v7e-m/fpv4-sp/hard/libc_nano.a
LOAD /home/stepan/Software/AC6/plugins/fr.ac6.mcu.externaltools.arm-none.linux64_1.15.0.201708311556/tools/compiler/bin/../lib/gcc/arm-none-eabi/6.3.1/../../../../arm-none-eabi/lib/thumb/v7e-m/fpv4-sp/hard/libnosys.a
END GROUP
LOAD /home/stepan/Software/AC6/plugins/fr.ac6.mcu.externaltools.arm-none.linux64_1.15.0.201708311556/tools/compiler/bin/../lib/gcc/arm-none-eabi/6.3.1/thumb/v7e-m/fpv4-sp/hard/crtend.o
LOAD /home/stepan/Software/AC6/plugins/fr.ac6.mcu.externaltools.arm-none.linux64_1.15.0.201708311556/tools/compiler/bin/../lib/gcc/arm-none-eabi/6.3.1/thumb/v7e-m/fpv4-sp/hard/crtn.o
                0x0000000020003000                _estack = 0x20003000
                0x0000000000000100                _Min_Heap_Size = 0x100
                0x0000000000000400                _Min_Stack_Size = 0x400

.isr_vector     0x0000000008000000      0x188
                0x0000000008000000                . = ALIGN (0x4)
 *(.isr_vector)
 .isr_vector    0x0000000008000000      0x188 startup/startup_stm32f303x8.o
                0x0000000008000000                g_pfnVectors
                0x0000000008000188                . = ALIGN (0x4)

.text           0x0000000008000188     0x432c
                0x0000000008000188                . = ALIGN (0x4)
 *(.text)
 .text          0x0000000008000188       0x6c /home/stepan/Software/AC6/plugins/fr.ac6.mcu.externaltools.arm-none.linux64_1.15.0.201708311556/tools/compiler/bin/../lib/gcc/arm-none-eabi/6.3.1/thumb/v7e-m/fpv4-sp/hard/crtbegin.o
 .text          0x00000000080001f4       0x10 /home/stepan/Software/AC6/plugins/fr.ac6.mcu.externaltools.arm-none.linux64_1.15.0.201708311556/tools/compiler/bin/../lib/gcc/arm-none-eabi/6.3.1/../../../../arm-none-eabi/lib/thumb/v7e-m/fpv4-sp/hard/libc_nano.a(lib_a-strlen.o)
                0x00000000080001f4                strlen
 *(.text*)
 .text.HAL_InitTick
                0x0000000008000204       0x2c Drivers/STM32F3xx_HAL_Driver/Src/stm32f3xx_hal.o
                0x0000000008000204                HAL_InitTick
 .text.HAL_Init
                0x0000000008000230       0x24 Drivers/STM32F3xx_HAL_Driver/Src/stm32f3xx_hal.o
                0x0000000008000230                HAL_Init
 .text.HAL_IncTick
                0x0000000008000254       0x10 Drivers/STM32F3xx_HAL_Driver/Src/stm32f3xx_hal.o
                0x0000000008000254                HAL_IncTick
 .text.HAL_GetTick
                0x0000000008000264        0xc Drivers/STM32F3xx_HAL_Driver/Src/stm32f3xx_hal.o
                0x0000000008000264                HAL_GetTick
 .text.ADC_Disable
                0x0000000008000270       0x88 Drivers/STM32F3xx_HAL_Driver/Src/stm32f3xx_hal_adc_ex.o
 .text.HAL_ADC_Init
                0x00000000080002f8      0x21c Drivers/STM32F3xx_HAL_Driver/Src/stm32f3xx_hal_adc_ex.o
                0x00000000080002f8                HAL_ADC_Init
 .text.HAL_ADC_ConfigChannel
                0x0000000008000514      0x384 Drivers/STM32F3xx_HAL_Driver/Src/stm32f3xx_hal_adc_ex.o
                0x0000000008000514                HAL_ADC_ConfigChannel
 .text.HAL_ADCEx_MultiModeConfigChannel
                0x0000000008000898      0x13c Drivers/STM32F3xx_HAL_Driver/Src/stm32f3xx_hal_adc_ex.o
                0x0000000008000898                HAL_ADCEx_MultiModeConfigChannel
 .text.HAL_CAN_Init
                0x00000000080009d4      0x180 Drivers/STM32F3xx_HAL_Driver/Src/stm32f3xx_hal_can.o
                0x00000000080009d4                HAL_CAN_Init
 .text.HAL_CAN_Transmit
                0x0000000008000b54      0x218 Drivers/STM32F3xx_HAL_Driver/Src/stm32f3xx_hal_can.o
                0x0000000008000b54                HAL_CAN_Transmit
 .text.HAL_NVIC_SetPriorityGrouping
                0x0000000008000d6c       0x24 Drivers/STM32F3xx_HAL_Driver/Src/stm32f3xx_hal_cortex.o
                0x0000000008000d6c                HAL_NVIC_SetPriorityGrouping
 .text.HAL_NVIC_SetPriority
                0x0000000008000d90       0x64 Drivers/STM32F3xx_HAL_Driver/Src/stm32f3xx_hal_cortex.o
                0x0000000008000d90                HAL_NVIC_SetPriority
 .text.HAL_NVIC_EnableIRQ
                0x0000000008000df4       0x18 Drivers/STM32F3xx_HAL_Driver/Src/stm32f3xx_hal_cortex.o
                0x0000000008000df4                HAL_NVIC_EnableIRQ
 .text.HAL_SYSTICK_Config
                0x0000000008000e0c       0x2c Drivers/STM32F3xx_HAL_Driver/Src/stm32f3xx_hal_cortex.o
                0x0000000008000e0c                HAL_SYSTICK_Config
 .text.HAL_SYSTICK_CLKSourceConfig
                0x0000000008000e38       0x20 Drivers/STM32F3xx_HAL_Driver/Src/stm32f3xx_hal_cortex.o
                0x0000000008000e38                HAL_SYSTICK_CLKSourceConfig
 .text.HAL_SYSTICK_Callback
                0x0000000008000e58        0x2 Drivers/STM32F3xx_HAL_Driver/Src/stm32f3xx_hal_cortex.o
                0x0000000008000e58                HAL_SYSTICK_Callback
 .text.HAL_SYSTICK_IRQHandler
                0x0000000008000e5a        0x8 Drivers/STM32F3xx_HAL_Driver/Src/stm32f3xx_hal_cortex.o
                0x0000000008000e5a                HAL_SYSTICK_IRQHandler
 *fill*         0x0000000008000e62        0x2 
 .text.HAL_GPIO_Init
                0x0000000008000e64      0x194 Drivers/STM32F3xx_HAL_Driver/Src/stm32f3xx_hal_gpio.o
                0x0000000008000e64                HAL_GPIO_Init
 .text.HAL_GPIO_ReadPin
                0x0000000008000ff8        0xe Drivers/STM32F3xx_HAL_Driver/Src/stm32f3xx_hal_gpio.o
                0x0000000008000ff8                HAL_GPIO_ReadPin
 .text.HAL_GPIO_WritePin
                0x0000000008001006        0xa Drivers/STM32F3xx_HAL_Driver/Src/stm32f3xx_hal_gpio.o
                0x0000000008001006                HAL_GPIO_WritePin
 .text.HAL_GPIO_TogglePin
                0x0000000008001010        0x8 Drivers/STM32F3xx_HAL_Driver/Src/stm32f3xx_hal_gpio.o
                0x0000000008001010                HAL_GPIO_TogglePin
 .text.HAL_GPIO_EXTI_Callback
                0x0000000008001018        0x2 Drivers/STM32F3xx_HAL_Driver/Src/stm32f3xx_hal_gpio.o
                0x0000000008001018                HAL_GPIO_EXTI_Callback
 *fill*         0x000000000800101a        0x2 
 .text.HAL_GPIO_EXTI_IRQHandler
                0x000000000800101c       0x1c Drivers/STM32F3xx_HAL_Driver/Src/stm32f3xx_hal_gpio.o
                0x000000000800101c                HAL_GPIO_EXTI_IRQHandler
 .text.HAL_RCC_OscConfig
                0x0000000008001038      0x60c Drivers/STM32F3xx_HAL_Driver/Src/stm32f3xx_hal_rcc.o
                0x0000000008001038                HAL_RCC_OscConfig
 .text.HAL_RCC_GetSysClockFreq
                0x0000000008001644       0x7c Drivers/STM32F3xx_HAL_Driver/Src/stm32f3xx_hal_rcc.o
                0x0000000008001644                HAL_RCC_GetSysClockFreq
 .text.HAL_RCC_ClockConfig
                0x00000000080016c0      0x1d4 Drivers/STM32F3xx_HAL_Driver/Src/stm32f3xx_hal_rcc.o
                0x00000000080016c0                HAL_RCC_ClockConfig
 .text.HAL_RCC_GetHCLKFreq
                0x0000000008001894        0xc Drivers/STM32F3xx_HAL_Driver/Src/stm32f3xx_hal_rcc.o
                0x0000000008001894                HAL_RCC_GetHCLKFreq
 .text.HAL_RCCEx_PeriphCLKConfig
                0x00000000080018a0      0x198 Drivers/STM32F3xx_HAL_Driver/Src/stm32f3xx_hal_rcc_ex.o
                0x00000000080018a0                HAL_RCCEx_PeriphCLKConfig
 .text.SPI_WaitFlagStateUntilTimeout
                0x0000000008001a38       0x92 Drivers/STM32F3xx_HAL_Driver/Src/stm32f3xx_hal_spi.o
 .text.SPI_WaitFifoStateUntilTimeout
                0x0000000008001aca       0xa4 Drivers/STM32F3xx_HAL_Driver/Src/stm32f3xx_hal_spi.o
 .text.SPI_EndRxTxTransaction
                0x0000000008001b6e       0x68 Drivers/STM32F3xx_HAL_Driver/Src/stm32f3xx_hal_spi.o
 .text.SPI_EndRxTransaction
                0x0000000008001bd6       0x86 Drivers/STM32F3xx_HAL_Driver/Src/stm32f3xx_hal_spi.o
 .text.HAL_SPI_Init
                0x0000000008001c5c       0xb0 Drivers/STM32F3xx_HAL_Driver/Src/stm32f3xx_hal_spi.o
                0x0000000008001c5c                HAL_SPI_Init
 .text.HAL_SPI_Transmit
                0x0000000008001d0c      0x1cc Drivers/STM32F3xx_HAL_Driver/Src/stm32f3xx_hal_spi.o
                0x0000000008001d0c                HAL_SPI_Transmit
 .text.HAL_SPI_TransmitReceive
                0x0000000008001ed8      0x2c8 Drivers/STM32F3xx_HAL_Driver/Src/stm32f3xx_hal_spi.o
                0x0000000008001ed8                HAL_SPI_TransmitReceive
 .text.HAL_SPI_Receive
                0x00000000080021a0      0x184 Drivers/STM32F3xx_HAL_Driver/Src/stm32f3xx_hal_spi.o
                0x00000000080021a0                HAL_SPI_Receive
 .text.TIM_TI1_ConfigInputStage
                0x0000000008002324       0x26 Drivers/STM32F3xx_HAL_Driver/Src/stm32f3xx_hal_tim.o
 .text.TIM_TI2_ConfigInputStage
                0x000000000800234a       0x28 Drivers/STM32F3xx_HAL_Driver/Src/stm32f3xx_hal_tim.o
 .text.TIM_ITRx_SetConfig
                0x0000000008002372       0x10 Drivers/STM32F3xx_HAL_Driver/Src/stm32f3xx_hal_tim.o
 .text.HAL_TIM_Base_Start_IT
                0x0000000008002382       0x18 Drivers/STM32F3xx_HAL_Driver/Src/stm32f3xx_hal_tim.o
                0x0000000008002382                HAL_TIM_Base_Start_IT
 .text.HAL_TIM_Base_Stop_IT
                0x000000000800239a       0x2c Drivers/STM32F3xx_HAL_Driver/Src/stm32f3xx_hal_tim.o
                0x000000000800239a                HAL_TIM_Base_Stop_IT
 .text.HAL_TIM_PeriodElapsedCallback
                0x00000000080023c6        0x2 Drivers/STM32F3xx_HAL_Driver/Src/stm32f3xx_hal_tim.o
                0x00000000080023c6                HAL_TIM_PeriodElapsedCallback
 .text.HAL_TIM_OC_DelayElapsedCallback
                0x00000000080023c8        0x2 Drivers/STM32F3xx_HAL_Driver/Src/stm32f3xx_hal_tim.o
                0x00000000080023c8                HAL_TIM_OC_DelayElapsedCallback
 .text.HAL_TIM_IC_CaptureCallback
                0x00000000080023ca        0x2 Drivers/STM32F3xx_HAL_Driver/Src/stm32f3xx_hal_tim.o
                0x00000000080023ca                HAL_TIM_IC_CaptureCallback
 .text.HAL_TIM_PWM_PulseFinishedCallback
                0x00000000080023cc        0x2 Drivers/STM32F3xx_HAL_Driver/Src/stm32f3xx_hal_tim.o
                0x00000000080023cc                HAL_TIM_PWM_PulseFinishedCallback
 .text.HAL_TIM_TriggerCallback
                0x00000000080023ce        0x2 Drivers/STM32F3xx_HAL_Driver/Src/stm32f3xx_hal_tim.o
                0x00000000080023ce                HAL_TIM_TriggerCallback
 .text.HAL_TIM_IRQHandler
                0x00000000080023d0      0x19a Drivers/STM32F3xx_HAL_Driver/Src/stm32f3xx_hal_tim.o
                0x00000000080023d0                HAL_TIM_IRQHandler
 *fill*         0x000000000800256a        0x2 
 .text.TIM_Base_SetConfig
                0x000000000800256c       0x94 Drivers/STM32F3xx_HAL_Driver/Src/stm32f3xx_hal_tim.o
                0x000000000800256c                TIM_Base_SetConfig
 .text.HAL_TIM_Base_Init
                0x0000000008002600       0x32 Drivers/STM32F3xx_HAL_Driver/Src/stm32f3xx_hal_tim.o
                0x0000000008002600                HAL_TIM_Base_Init
 .text.TIM_ETR_SetConfig
                0x0000000008002632       0x18 Drivers/STM32F3xx_HAL_Driver/Src/stm32f3xx_hal_tim.o
                0x0000000008002632                TIM_ETR_SetConfig
 *fill*         0x000000000800264a        0x2 
 .text.HAL_TIM_ConfigClockSource
                0x000000000800264c      0x118 Drivers/STM32F3xx_HAL_Driver/Src/stm32f3xx_hal_tim.o
                0x000000000800264c                HAL_TIM_ConfigClockSource
 .text.HAL_TIMEx_MasterConfigSynchronization
                0x0000000008002764       0x50 Drivers/STM32F3xx_HAL_Driver/Src/stm32f3xx_hal_tim_ex.o
                0x0000000008002764                HAL_TIMEx_MasterConfigSynchronization
 .text.HAL_TIMEx_CommutationCallback
                0x00000000080027b4        0x2 Drivers/STM32F3xx_HAL_Driver/Src/stm32f3xx_hal_tim_ex.o
                0x00000000080027b4                HAL_TIMEx_CommutationCallback
 .text.HAL_TIMEx_BreakCallback
                0x00000000080027b6        0x2 Drivers/STM32F3xx_HAL_Driver/Src/stm32f3xx_hal_tim_ex.o
                0x00000000080027b6                HAL_TIMEx_BreakCallback
 .text.HAL_TIMEx_Break2Callback
                0x00000000080027b8        0x2 Drivers/STM32F3xx_HAL_Driver/Src/stm32f3xx_hal_tim_ex.o
                0x00000000080027b8                HAL_TIMEx_Break2Callback
 .text.get_SCAP
                0x00000000080027ba       0x10 Src/errors_manager.o
                0x00000000080027ba                get_SCAP
 .text.get_UIN  0x00000000080027ca       0x10 Src/errors_manager.o
                0x00000000080027ca                get_UIN
 *fill*         0x00000000080027da        0x2 
 .text.Delay_cus
                0x00000000080027dc       0x14 Src/errors_manager.o
                0x00000000080027dc                Delay_cus
 .text.get_RESIST_SQ
                0x00000000080027f0       0x6c Src/errors_manager.o
                0x00000000080027f0                get_RESIST_SQ
 .text.resist_not_interval
                0x000000000800285c       0x14 Src/errors_manager.o
                0x000000000800285c                resist_not_interval
 .text.get_PIN_LOW
                0x0000000008002870       0x6c Src/errors_manager.o
                0x0000000008002870                get_PIN_LOW
 .text.pwm_low  0x00000000080028dc        0xe Src/errors_manager.o
                0x00000000080028dc                pwm_low
 .text.pwm_high
                0x00000000080028ea        0xe Src/errors_manager.o
                0x00000000080028ea                pwm_high
 .text.is_PWM_steady
                0x00000000080028f8       0x2c Src/errors_manager.o
                0x00000000080028f8                is_PWM_steady
 .text.get_errors
                0x0000000008002924       0x6c Src/errors_manager.o
                0x0000000008002924                get_errors
 .text.set_signal
                0x0000000008002990       0x44 Src/errors_manager.o
                0x0000000008002990                set_signal
 .text.signal_master
                0x00000000080029d4      0x64c Src/errors_manager.o
                0x00000000080029d4                signal_master
 .text.cast_signal
                0x0000000008003020       0x74 Src/errors_manager.o
                0x0000000008003020                cast_signal
 .text.is_PWM_fire
                0x0000000008003094       0x2c Src/errors_manager.o
                0x0000000008003094                is_PWM_fire
 .text.set_FIRE
                0x00000000080030c0       0x60 Src/errors_manager.o
                0x00000000080030c0                set_FIRE
 .text.CAN_stop
                0x0000000008003120       0x60 Src/errors_manager.o
                0x0000000008003120                CAN_stop
 .text.set_state
                0x0000000008003180      0x22c Src/errors_manager.o
                0x0000000008003180                set_state
 .text.Fire     0x00000000080033ac       0x22 Src/errors_manager.o
                0x00000000080033ac                Fire
 .text.update_crc
                0x00000000080033ce       0x24 Src/jeti_uart.o
                0x00000000080033ce                update_crc
 .text.crc8     0x00000000080033f2       0x1e Src/jeti_uart.o
                0x00000000080033f2                crc8
 .text.has_odd_parity
                0x0000000008003410       0x26 Src/jeti_uart.o
                0x0000000008003410                has_odd_parity
 .text.generate_seq
                0x0000000008003436       0x76 Src/jeti_uart.o
                0x0000000008003436                generate_seq
 .text.send_jeti_data
                0x00000000080034ac       0x7c Src/jeti_uart.o
                0x00000000080034ac                send_jeti_data
 .text.send_jeti_text
                0x0000000008003528       0x80 Src/jeti_uart.o
                0x0000000008003528                send_jeti_text
 .text.esemble_seq_data
                0x00000000080035a8       0x80 Src/jeti_uart.o
                0x00000000080035a8                esemble_seq_data
 .text.esemble_seq_text
                0x0000000008003628       0xa2 Src/jeti_uart.o
                0x0000000008003628                esemble_seq_text
 *fill*         0x00000000080036ca        0x2 
 .text.init_jeti_msgs
                0x00000000080036cc       0xf8 Src/jeti_uart.o
                0x00000000080036cc                init_jeti_msgs
 .text.send_state
                0x00000000080037c4       0xa4 Src/jeti_uart.o
                0x00000000080037c4                send_state
 .text.MX_GPIO_Init
                0x0000000008003868      0x110 Src/main.o
 .text._Error_Handler
                0x0000000008003978        0x2 Src/main.o
                0x0000000008003978                _Error_Handler
 *fill*         0x000000000800397a        0x2 
 .text.MX_CAN_Init
                0x000000000800397c       0x44 Src/main.o
 .text.MX_ADC1_Init
                0x00000000080039c0       0x88 Src/main.o
 .text.MX_TIM6_Init
                0x0000000008003a48       0x58 Src/main.o
 .text.MX_TIM7_Init
                0x0000000008003aa0       0x58 Src/main.o
 .text.MX_TIM3_Init
                0x0000000008003af8       0x74 Src/main.o
 .text.MX_TIM17_Init
                0x0000000008003b6c       0x3c Src/main.o
 .text.MX_SPI1_Init
                0x0000000008003ba8       0x54 Src/main.o
 .text.MX_TIM16_Init
                0x0000000008003bfc       0x38 Src/main.o
 .text.SystemClock_Config
                0x0000000008003c34       0xa0 Src/main.o
                0x0000000008003c34                SystemClock_Config
 .text.main     0x0000000008003cd4      0x1c8 Src/main.o
                0x0000000008003cd4                main
 .text.HAL_MspInit
                0x0000000008003e9c       0x7c Src/stm32f3xx_hal_msp.o
                0x0000000008003e9c                HAL_MspInit
 .text.HAL_ADC_MspInit
                0x0000000008003f18       0x44 Src/stm32f3xx_hal_msp.o
                0x0000000008003f18                HAL_ADC_MspInit
 .text.HAL_CAN_MspInit
                0x0000000008003f5c       0x50 Src/stm32f3xx_hal_msp.o
                0x0000000008003f5c                HAL_CAN_MspInit
 .text.HAL_SPI_MspInit
                0x0000000008003fac       0x4c Src/stm32f3xx_hal_msp.o
                0x0000000008003fac                HAL_SPI_MspInit
 .text.HAL_TIM_Base_MspInit
                0x0000000008003ff8      0x100 Src/stm32f3xx_hal_msp.o
                0x0000000008003ff8                HAL_TIM_Base_MspInit
 .text.NMI_Handler
                0x00000000080040f8        0x2 Src/stm32f3xx_it.o
                0x00000000080040f8                NMI_Handler
 .text.HardFault_Handler
                0x00000000080040fa        0x2 Src/stm32f3xx_it.o
                0x00000000080040fa                HardFault_Handler
 .text.MemManage_Handler
                0x00000000080040fc        0x2 Src/stm32f3xx_it.o
                0x00000000080040fc                MemManage_Handler
 .text.BusFault_Handler
                0x00000000080040fe        0x2 Src/stm32f3xx_it.o
                0x00000000080040fe                BusFault_Handler
 .text.UsageFault_Handler
                0x0000000008004100        0x2 Src/stm32f3xx_it.o
                0x0000000008004100                UsageFault_Handler
 .text.SVC_Handler
                0x0000000008004102        0x2 Src/stm32f3xx_it.o
                0x0000000008004102                SVC_Handler
 .text.DebugMon_Handler
                0x0000000008004104        0x2 Src/stm32f3xx_it.o
                0x0000000008004104                DebugMon_Handler
 .text.PendSV_Handler
                0x0000000008004106        0x2 Src/stm32f3xx_it.o
                0x0000000008004106                PendSV_Handler
 .text.SysTick_Handler
                0x0000000008004108        0xc Src/stm32f3xx_it.o
                0x0000000008004108                SysTick_Handler
 .text.EXTI9_5_IRQHandler
                0x0000000008004114       0xc0 Src/stm32f3xx_it.o
                0x0000000008004114                EXTI9_5_IRQHandler
 .text.TIM1_UP_TIM16_IRQHandler
                0x00000000080041d4       0x1c Src/stm32f3xx_it.o
                0x00000000080041d4                TIM1_UP_TIM16_IRQHandler
 .text.TIM1_TRG_COM_TIM17_IRQHandler
                0x00000000080041f0       0x40 Src/stm32f3xx_it.o
                0x00000000080041f0                TIM1_TRG_COM_TIM17_IRQHandler
 .text.TIM3_IRQHandler
                0x0000000008004230      0x110 Src/stm32f3xx_it.o
                0x0000000008004230                TIM3_IRQHandler
 .text.TIM6_DAC1_IRQHandler
                0x0000000008004340       0x18 Src/stm32f3xx_it.o
                0x0000000008004340                TIM6_DAC1_IRQHandler
 .text.TIM7_DAC2_IRQHandler
                0x0000000008004358       0x18 Src/stm32f3xx_it.o
                0x0000000008004358                TIM7_DAC2_IRQHandler
 .text.SystemInit
                0x0000000008004370       0x68 Src/system_stm32f3xx.o
                0x0000000008004370                SystemInit
 .text.Reset_Handler
                0x00000000080043d8       0x50 startup/startup_stm32f303x8.o
                0x00000000080043d8                Reset_Handler
 .text.Default_Handler
                0x0000000008004428        0x2 startup/startup_stm32f303x8.o
                0x0000000008004428                RTC_Alarm_IRQHandler
                0x0000000008004428                TIM1_CC_IRQHandler
                0x0000000008004428                PVD_IRQHandler
                0x0000000008004428                TAMP_STAMP_IRQHandler
                0x0000000008004428                EXTI3_IRQHandler
                0x0000000008004428                EXTI0_IRQHandler
                0x0000000008004428                FPU_IRQHandler
                0x0000000008004428                CAN_TX_IRQHandler
                0x0000000008004428                ADC1_2_IRQHandler
                0x0000000008004428                SPI1_IRQHandler
                0x0000000008004428                CAN_SCE_IRQHandler
                0x0000000008004428                DMA1_Channel4_IRQHandler
                0x0000000008004428                USART3_IRQHandler
                0x0000000008004428                DMA1_Channel7_IRQHandler
                0x0000000008004428                CAN_RX1_IRQHandler
                0x0000000008004428                I2C1_EV_IRQHandler
                0x0000000008004428                DMA1_Channel6_IRQHandler
                0x0000000008004428                RCC_IRQHandler
                0x0000000008004428                DMA1_Channel1_IRQHandler
                0x0000000008004428                Default_Handler
                0x0000000008004428                EXTI15_10_IRQHandler
                0x0000000008004428                COMP2_IRQHandler
                0x0000000008004428                RTC_WKUP_IRQHandler
                0x0000000008004428                DMA1_Channel5_IRQHandler
                0x0000000008004428                EXTI4_IRQHandler
                0x0000000008004428                DMA1_Channel3_IRQHandler
                0x0000000008004428                WWDG_IRQHandler
                0x0000000008004428                TIM2_IRQHandler
                0x0000000008004428                EXTI1_IRQHandler
                0x0000000008004428                COMP4_6_IRQHandler
                0x0000000008004428                USART2_IRQHandler
                0x0000000008004428                DMA1_Channel2_IRQHandler
                0x0000000008004428                FLASH_IRQHandler
                0x0000000008004428                USART1_IRQHandler
                0x0000000008004428                CAN_RX0_IRQHandler
                0x0000000008004428                I2C1_ER_IRQHandler
                0x0000000008004428                EXTI2_TSC_IRQHandler
                0x0000000008004428                TIM1_BRK_TIM15_IRQHandler
 *fill*         0x000000000800442a        0x2 
 .text.__libc_init_array
                0x000000000800442c       0x48 /home/stepan/Software/AC6/plugins/fr.ac6.mcu.externaltools.arm-none.linux64_1.15.0.201708311556/tools/compiler/bin/../lib/gcc/arm-none-eabi/6.3.1/../../../../arm-none-eabi/lib/thumb/v7e-m/fpv4-sp/hard/libc_nano.a(lib_a-init.o)
                0x000000000800442c                __libc_init_array
 .text.memcpy   0x0000000008004474       0x16 /home/stepan/Software/AC6/plugins/fr.ac6.mcu.externaltools.arm-none.linux64_1.15.0.201708311556/tools/compiler/bin/../lib/gcc/arm-none-eabi/6.3.1/../../../../arm-none-eabi/lib/thumb/v7e-m/fpv4-sp/hard/libc_nano.a(lib_a-memcpy-stub.o)
                0x0000000008004474                memcpy
 .text.memset   0x000000000800448a       0x10 /home/stepan/Software/AC6/plugins/fr.ac6.mcu.externaltools.arm-none.linux64_1.15.0.201708311556/tools/compiler/bin/../lib/gcc/arm-none-eabi/6.3.1/../../../../arm-none-eabi/lib/thumb/v7e-m/fpv4-sp/hard/libc_nano.a(lib_a-memset.o)
                0x000000000800448a                memset
 *(.glue_7)
 .glue_7        0x000000000800449a        0x0 linker stubs
 *(.glue_7t)
 .glue_7t       0x000000000800449a        0x0 linker stubs
 *(.eh_frame)
 *fill*         0x000000000800449a        0x2 
 .eh_frame      0x000000000800449c        0x0 /home/stepan/Software/AC6/plugins/fr.ac6.mcu.externaltools.arm-none.linux64_1.15.0.201708311556/tools/compiler/bin/../lib/gcc/arm-none-eabi/6.3.1/thumb/v7e-m/fpv4-sp/hard/crtbegin.o
 *(.init)
 .init          0x000000000800449c        0x4 /home/stepan/Software/AC6/plugins/fr.ac6.mcu.externaltools.arm-none.linux64_1.15.0.201708311556/tools/compiler/bin/../lib/gcc/arm-none-eabi/6.3.1/thumb/v7e-m/fpv4-sp/hard/crti.o
                0x000000000800449c                _init
 .init          0x00000000080044a0        0x8 /home/stepan/Software/AC6/plugins/fr.ac6.mcu.externaltools.arm-none.linux64_1.15.0.201708311556/tools/compiler/bin/../lib/gcc/arm-none-eabi/6.3.1/thumb/v7e-m/fpv4-sp/hard/crtn.o
 *(.fini)
 .fini          0x00000000080044a8        0x4 /home/stepan/Software/AC6/plugins/fr.ac6.mcu.externaltools.arm-none.linux64_1.15.0.201708311556/tools/compiler/bin/../lib/gcc/arm-none-eabi/6.3.1/thumb/v7e-m/fpv4-sp/hard/crti.o
                0x00000000080044a8                _fini
 .fini          0x00000000080044ac        0x8 /home/stepan/Software/AC6/plugins/fr.ac6.mcu.externaltools.arm-none.linux64_1.15.0.201708311556/tools/compiler/bin/../lib/gcc/arm-none-eabi/6.3.1/thumb/v7e-m/fpv4-sp/hard/crtn.o
                0x00000000080044b4                . = ALIGN (0x4)
                0x00000000080044b4                _etext = .

.vfp11_veneer   0x00000000080044b4        0x0
 .vfp11_veneer  0x00000000080044b4        0x0 linker stubs

.v4_bx          0x00000000080044b4        0x0
 .v4_bx         0x00000000080044b4        0x0 linker stubs

.iplt           0x00000000080044b4        0x0
 .iplt          0x00000000080044b4        0x0 /home/stepan/Software/AC6/plugins/fr.ac6.mcu.externaltools.arm-none.linux64_1.15.0.201708311556/tools/compiler/bin/../lib/gcc/arm-none-eabi/6.3.1/thumb/v7e-m/fpv4-sp/hard/crtbegin.o

.rodata         0x00000000080044b4       0x88
                0x00000000080044b4                . = ALIGN (0x4)
 *(.rodata)
 .rodata        0x00000000080044b4       0x20 Drivers/STM32F3xx_HAL_Driver/Src/stm32f3xx_hal_rcc.o
                0x00000000080044b4                aPLLMULFactorTable
                0x00000000080044c4                aPredivFactorTable
 .rodata        0x00000000080044d4       0x18 Src/system_stm32f3xx.o
                0x00000000080044d4                AHBPrescTable
                0x00000000080044e4                APBPrescTable
 *(.rodata*)
 .rodata.str1.4
                0x00000000080044ec       0x3e Src/jeti_uart.o
 *fill*         0x000000000800452a        0x2 
 .rodata.str1.4
                0x000000000800452c       0x10 Src/main.o
                                          0xe (size before relaxing)
                0x000000000800453c                . = ALIGN (0x4)

.rel.dyn        0x000000000800453c        0x0
 .rel.iplt      0x000000000800453c        0x0 /home/stepan/Software/AC6/plugins/fr.ac6.mcu.externaltools.arm-none.linux64_1.15.0.201708311556/tools/compiler/bin/../lib/gcc/arm-none-eabi/6.3.1/thumb/v7e-m/fpv4-sp/hard/crtbegin.o

.ARM.extab
 *(.ARM.extab* .gnu.linkonce.armextab.*)

.ARM            0x000000000800453c        0x0
                0x000000000800453c                __exidx_start = .
 *(.ARM.exidx*)
                0x000000000800453c                __exidx_end = .

.preinit_array  0x000000000800453c        0x0
                0x000000000800453c                PROVIDE (__preinit_array_start, .)
 *(.preinit_array*)
                0x000000000800453c                PROVIDE (__preinit_array_end, .)

.init_array     0x000000000800453c        0x4
                0x000000000800453c                PROVIDE (__init_array_start, .)
 *(SORT(.init_array.*))
 *(.init_array*)
 .init_array    0x000000000800453c        0x4 /home/stepan/Software/AC6/plugins/fr.ac6.mcu.externaltools.arm-none.linux64_1.15.0.201708311556/tools/compiler/bin/../lib/gcc/arm-none-eabi/6.3.1/thumb/v7e-m/fpv4-sp/hard/crtbegin.o
                0x0000000008004540                PROVIDE (__init_array_end, .)

.fini_array     0x0000000008004540        0x4
                [!provide]                        PROVIDE (__fini_array_start, .)
 *(SORT(.fini_array.*))
 *(.fini_array*)
 .fini_array    0x0000000008004540        0x4 /home/stepan/Software/AC6/plugins/fr.ac6.mcu.externaltools.arm-none.linux64_1.15.0.201708311556/tools/compiler/bin/../lib/gcc/arm-none-eabi/6.3.1/thumb/v7e-m/fpv4-sp/hard/crtbegin.o
                [!provide]                        PROVIDE (__fini_array_end, .)
                0x0000000008004544                _sidata = LOADADDR (.data)

.data           0x0000000020000000       0x2c load address 0x0000000008004544
                0x0000000020000000                . = ALIGN (0x4)
                0x0000000020000000                _sdata = .
 *(.data)
 .data          0x0000000020000000       0x26 Src/errors_manager.o
                0x0000000020000000                SPI_RESIST
                0x0000000020000001                SPI_PIN_IN
                0x0000000020000002                SPI_PIN_LOW
                0x0000000020000005                SPI_ARM
                0x0000000020000006                SPI_FIRE
                0x0000000020000024                arming_timeout
                0x0000000020000025                pulling_timeout
 .data          0x0000000020000026        0x2 Src/stm32f3xx_it.o
 .data          0x0000000020000028        0x4 Src/system_stm32f3xx.o
                0x0000000020000028                SystemCoreClock
 *(.data*)
                0x000000002000002c                . = ALIGN (0x4)
                0x000000002000002c                _edata = .
                0x0000000008004570                _siccmram = LOADADDR (.ccmram)

.jcr            0x000000002000002c        0x0 load address 0x0000000008004570
 .jcr           0x000000002000002c        0x0 /home/stepan/Software/AC6/plugins/fr.ac6.mcu.externaltools.arm-none.linux64_1.15.0.201708311556/tools/compiler/bin/../lib/gcc/arm-none-eabi/6.3.1/thumb/v7e-m/fpv4-sp/hard/crtbegin.o

.igot.plt       0x000000002000002c        0x0 load address 0x0000000008004570
 .igot.plt      0x000000002000002c        0x0 /home/stepan/Software/AC6/plugins/fr.ac6.mcu.externaltools.arm-none.linux64_1.15.0.201708311556/tools/compiler/bin/../lib/gcc/arm-none-eabi/6.3.1/thumb/v7e-m/fpv4-sp/hard/crtbegin.o

.ccmram         0x0000000010000000        0x0 load address 0x0000000008004570
                0x0000000010000000                . = ALIGN (0x4)
                0x0000000010000000                _sccmram = .
 *(.ccmram)
 *(.ccmram*)
                0x0000000010000000                . = ALIGN (0x4)
                0x0000000010000000                _eccmram = .
                0x0000000010000000                . = ALIGN (0x4)

.bss            0x0000000020000030     0x2748
                0x0000000020000030                _sbss = .
                0x0000000020000030                __bss_start__ = _sbss
 *(.bss)
 .bss           0x0000000020000030       0x1c /home/stepan/Software/AC6/plugins/fr.ac6.mcu.externaltools.arm-none.linux64_1.15.0.201708311556/tools/compiler/bin/../lib/gcc/arm-none-eabi/6.3.1/thumb/v7e-m/fpv4-sp/hard/crtbegin.o
 *fill*         0x000000002000004c        0x4 
 .bss           0x0000000020000050       0xb1 Src/errors_manager.o
                0x0000000020000050                signal_inverval
                0x00000000200000d0                signal_buzzer
                0x00000000200000d8                signal_led_green
                0x00000000200000e0                signal_led_red
                0x00000000200000e8                signal_lenght
                0x00000000200000e9                signal_repete
                0x00000000200000ea                signal_block
                0x00000000200000ec                signal_type
                0x00000000200000f8                arming_time
                0x00000000200000fc                pulling_time
                0x0000000020000100                SPI_NOP
 *fill*         0x0000000020000101        0x3 
 .bss           0x0000000020000104       0x1c Src/jeti_uart.o
                0x0000000020000104                p_stack_low
                0x0000000020000106                p_stack_high
                0x000000002000010d                jeti_uart_start
                0x0000000020000114                jeti_uart_count
 .bss           0x0000000020000120       0x10 Src/main.o
                0x0000000020000120                timetick_ms
                0x0000000020000124                pwm2_interval_us
                0x0000000020000128                pwm1_interval_us
                0x000000002000012c                timetick_cus
 .bss           0x0000000020000130       0x11 Src/stm32f3xx_it.o
                0x0000000020000130                pwm1_counting
                0x0000000020000131                pwm2_counting
 *(.bss*)
 *(COMMON)
 *fill*         0x0000000020000141        0x3 
 COMMON         0x0000000020000144        0x4 Drivers/STM32F3xx_HAL_Driver/Src/stm32f3xx_hal.o
                0x0000000020000144                uwTick
 COMMON         0x0000000020000148     0x23f4 Src/jeti_uart.o
                0x0000000020000148                stack_lenght
                0x0000000020000188                ex_text1
                0x00000000200001e0                ex_data
                0x0000000020000234                ex_text2
                0x000000002000028c                ex_text_plain
                0x00000000200002e4                stack_seq
                0x00000000200024e4                ex_text3
 COMMON         0x000000002000253c      0x23c Src/main.o
                0x000000002000253c                htim17
                0x000000002000257c                hcan
                0x00000000200025c0                htim3
                0x0000000020002600                hadc1
                0x0000000020002654                htim6
                0x0000000020002694                hspi1
                0x00000000200026f8                htim16
                0x0000000020002738                htim7
                0x0000000020002778                . = ALIGN (0x4)
                0x0000000020002778                _ebss = .
                0x0000000020002778                __bss_end__ = _ebss

._user_heap_stack
                0x0000000020002778      0x500
                0x0000000020002778                . = ALIGN (0x8)
                [!provide]                        PROVIDE (end, .)
                [!provide]                        PROVIDE (_end, .)
                0x0000000020002878                . = (. + _Min_Heap_Size)
 *fill*         0x0000000020002778      0x100 
                0x0000000020002c78                . = (. + _Min_Stack_Size)
 *fill*         0x0000000020002878      0x400 
                0x0000000020002c78                . = ALIGN (0x8)

/DISCARD/
 libc.a(*)
 libm.a(*)
 libgcc.a(*)

.ARM.attributes
                0x0000000000000000       0x30
 *(.ARM.attributes)
 .ARM.attributes
                0x0000000000000000       0x22 /home/stepan/Software/AC6/plugins/fr.ac6.mcu.externaltools.arm-none.linux64_1.15.0.201708311556/tools/compiler/bin/../lib/gcc/arm-none-eabi/6.3.1/thumb/v7e-m/fpv4-sp/hard/crti.o
 .ARM.attributes
                0x0000000000000022       0x34 /home/stepan/Software/AC6/plugins/fr.ac6.mcu.externaltools.arm-none.linux64_1.15.0.201708311556/tools/compiler/bin/../lib/gcc/arm-none-eabi/6.3.1/thumb/v7e-m/fpv4-sp/hard/crtbegin.o
 .ARM.attributes
                0x0000000000000056       0x39 Drivers/STM32F3xx_HAL_Driver/Src/stm32f3xx_hal.o
 .ARM.attributes
                0x000000000000008f       0x39 Drivers/STM32F3xx_HAL_Driver/Src/stm32f3xx_hal_adc_ex.o
 .ARM.attributes
                0x00000000000000c8       0x39 Drivers/STM32F3xx_HAL_Driver/Src/stm32f3xx_hal_can.o
 .ARM.attributes
                0x0000000000000101       0x39 Drivers/STM32F3xx_HAL_Driver/Src/stm32f3xx_hal_cortex.o
 .ARM.attributes
                0x000000000000013a       0x39 Drivers/STM32F3xx_HAL_Driver/Src/stm32f3xx_hal_gpio.o
 .ARM.attributes
                0x0000000000000173       0x39 Drivers/STM32F3xx_HAL_Driver/Src/stm32f3xx_hal_rcc.o
 .ARM.attributes
                0x00000000000001ac       0x39 Drivers/STM32F3xx_HAL_Driver/Src/stm32f3xx_hal_rcc_ex.o
 .ARM.attributes
                0x00000000000001e5       0x39 Drivers/STM32F3xx_HAL_Driver/Src/stm32f3xx_hal_spi.o
 .ARM.attributes
                0x000000000000021e       0x39 Drivers/STM32F3xx_HAL_Driver/Src/stm32f3xx_hal_tim.o
 .ARM.attributes
                0x0000000000000257       0x39 Drivers/STM32F3xx_HAL_Driver/Src/stm32f3xx_hal_tim_ex.o
 .ARM.attributes
                0x0000000000000290       0x39 Src/errors_manager.o
 .ARM.attributes
                0x00000000000002c9       0x39 Src/jeti_uart.o
 .ARM.attributes
                0x0000000000000302       0x39 Src/main.o
 .ARM.attributes
                0x000000000000033b       0x39 Src/stm32f3xx_hal_msp.o
 .ARM.attributes
                0x0000000000000374       0x39 Src/stm32f3xx_it.o
 .ARM.attributes
                0x00000000000003ad       0x39 Src/system_stm32f3xx.o
 .ARM.attributes
                0x00000000000003e6       0x21 startup/startup_stm32f303x8.o
 .ARM.attributes
                0x0000000000000407       0x34 /home/stepan/Software/AC6/plugins/fr.ac6.mcu.externaltools.arm-none.linux64_1.15.0.201708311556/tools/compiler/bin/../lib/gcc/arm-none-eabi/6.3.1/../../../../arm-none-eabi/lib/thumb/v7e-m/fpv4-sp/hard/libc_nano.a(lib_a-init.o)
 .ARM.attributes
                0x000000000000043b       0x34 /home/stepan/Software/AC6/plugins/fr.ac6.mcu.externaltools.arm-none.linux64_1.15.0.201708311556/tools/compiler/bin/../lib/gcc/arm-none-eabi/6.3.1/../../../../arm-none-eabi/lib/thumb/v7e-m/fpv4-sp/hard/libc_nano.a(lib_a-memcpy-stub.o)
 .ARM.attributes
                0x000000000000046f       0x34 /home/stepan/Software/AC6/plugins/fr.ac6.mcu.externaltools.arm-none.linux64_1.15.0.201708311556/tools/compiler/bin/../lib/gcc/arm-none-eabi/6.3.1/../../../../arm-none-eabi/lib/thumb/v7e-m/fpv4-sp/hard/libc_nano.a(lib_a-memset.o)
 .ARM.attributes
                0x00000000000004a3       0x1b /home/stepan/Software/AC6/plugins/fr.ac6.mcu.externaltools.arm-none.linux64_1.15.0.201708311556/tools/compiler/bin/../lib/gcc/arm-none-eabi/6.3.1/../../../../arm-none-eabi/lib/thumb/v7e-m/fpv4-sp/hard/libc_nano.a(lib_a-strlen.o)
 .ARM.attributes
                0x00000000000004be       0x22 /home/stepan/Software/AC6/plugins/fr.ac6.mcu.externaltools.arm-none.linux64_1.15.0.201708311556/tools/compiler/bin/../lib/gcc/arm-none-eabi/6.3.1/thumb/v7e-m/fpv4-sp/hard/crtn.o
OUTPUT(Padak.elf elf32-littlearm)

.debug_info     0x0000000000000000    0x1b84e
 .debug_info    0x0000000000000000      0xf3e Drivers/STM32F3xx_HAL_Driver/Src/stm32f3xx_hal.o
 .debug_info    0x0000000000000f3e     0x22c4 Drivers/STM32F3xx_HAL_Driver/Src/stm32f3xx_hal_adc_ex.o
 .debug_info    0x0000000000003202     0x143e Drivers/STM32F3xx_HAL_Driver/Src/stm32f3xx_hal_can.o
 .debug_info    0x0000000000004640     0x1480 Drivers/STM32F3xx_HAL_Driver/Src/stm32f3xx_hal_cortex.o
 .debug_info    0x0000000000005ac0      0xfa7 Drivers/STM32F3xx_HAL_Driver/Src/stm32f3xx_hal_gpio.o
 .debug_info    0x0000000000006a67     0x1bb3 Drivers/STM32F3xx_HAL_Driver/Src/stm32f3xx_hal_rcc.o
 .debug_info    0x000000000000861a      0xe58 Drivers/STM32F3xx_HAL_Driver/Src/stm32f3xx_hal_rcc_ex.o
 .debug_info    0x0000000000009472     0x258b Drivers/STM32F3xx_HAL_Driver/Src/stm32f3xx_hal_spi.o
 .debug_info    0x000000000000b9fd     0x37c1 Drivers/STM32F3xx_HAL_Driver/Src/stm32f3xx_hal_tim.o
 .debug_info    0x000000000000f1be     0x1ea9 Drivers/STM32F3xx_HAL_Driver/Src/stm32f3xx_hal_tim_ex.o
 .debug_info    0x0000000000011067     0x279d Src/errors_manager.o
 .debug_info    0x0000000000013804     0x133d Src/jeti_uart.o
 .debug_info    0x0000000000014b41     0x2bf7 Src/main.o
 .debug_info    0x0000000000017738     0x20d1 Src/stm32f3xx_hal_msp.o
 .debug_info    0x0000000000019809     0x137f Src/stm32f3xx_it.o
 .debug_info    0x000000000001ab88      0xc34 Src/system_stm32f3xx.o
 .debug_info    0x000000000001b7bc       0x92 startup/startup_stm32f303x8.o

.debug_abbrev   0x0000000000000000     0x3020
 .debug_abbrev  0x0000000000000000      0x2d6 Drivers/STM32F3xx_HAL_Driver/Src/stm32f3xx_hal.o
 .debug_abbrev  0x00000000000002d6      0x33d Drivers/STM32F3xx_HAL_Driver/Src/stm32f3xx_hal_adc_ex.o
 .debug_abbrev  0x0000000000000613      0x2cd Drivers/STM32F3xx_HAL_Driver/Src/stm32f3xx_hal_can.o
 .debug_abbrev  0x00000000000008e0      0x3af Drivers/STM32F3xx_HAL_Driver/Src/stm32f3xx_hal_cortex.o
 .debug_abbrev  0x0000000000000c8f      0x2a5 Drivers/STM32F3xx_HAL_Driver/Src/stm32f3xx_hal_gpio.o
 .debug_abbrev  0x0000000000000f34      0x343 Drivers/STM32F3xx_HAL_Driver/Src/stm32f3xx_hal_rcc.o
 .debug_abbrev  0x0000000000001277      0x334 Drivers/STM32F3xx_HAL_Driver/Src/stm32f3xx_hal_rcc_ex.o
 .debug_abbrev  0x00000000000015ab      0x2df Drivers/STM32F3xx_HAL_Driver/Src/stm32f3xx_hal_spi.o
 .debug_abbrev  0x000000000000188a      0x2dc Drivers/STM32F3xx_HAL_Driver/Src/stm32f3xx_hal_tim.o
 .debug_abbrev  0x0000000000001b66      0x2dc Drivers/STM32F3xx_HAL_Driver/Src/stm32f3xx_hal_tim_ex.o
 .debug_abbrev  0x0000000000001e42      0x39f Src/errors_manager.o
 .debug_abbrev  0x00000000000021e1      0x38f Src/jeti_uart.o
 .debug_abbrev  0x0000000000002570      0x362 Src/main.o
 .debug_abbrev  0x00000000000028d2      0x2a4 Src/stm32f3xx_hal_msp.o
 .debug_abbrev  0x0000000000002b76      0x293 Src/stm32f3xx_it.o
 .debug_abbrev  0x0000000000002e09      0x205 Src/system_stm32f3xx.o
 .debug_abbrev  0x000000000000300e       0x12 startup/startup_stm32f303x8.o

.debug_loc      0x0000000000000000     0xb2b4
 .debug_loc     0x0000000000000000       0x69 Drivers/STM32F3xx_HAL_Driver/Src/stm32f3xx_hal.o
 .debug_loc     0x0000000000000069     0x1ad4 Drivers/STM32F3xx_HAL_Driver/Src/stm32f3xx_hal_adc_ex.o
 .debug_loc     0x0000000000001b3d      0x7e4 Drivers/STM32F3xx_HAL_Driver/Src/stm32f3xx_hal_can.o
 .debug_loc     0x0000000000002321      0x5ad Drivers/STM32F3xx_HAL_Driver/Src/stm32f3xx_hal_cortex.o
 .debug_loc     0x00000000000028ce      0x331 Drivers/STM32F3xx_HAL_Driver/Src/stm32f3xx_hal_gpio.o
 .debug_loc     0x0000000000002bff      0x8f0 Drivers/STM32F3xx_HAL_Driver/Src/stm32f3xx_hal_rcc.o
 .debug_loc     0x00000000000034ef      0x449 Drivers/STM32F3xx_HAL_Driver/Src/stm32f3xx_hal_rcc_ex.o
 .debug_loc     0x0000000000003938     0x1b2e Drivers/STM32F3xx_HAL_Driver/Src/stm32f3xx_hal_spi.o
 .debug_loc     0x0000000000005466     0x35ff Drivers/STM32F3xx_HAL_Driver/Src/stm32f3xx_hal_tim.o
 .debug_loc     0x0000000000008a65     0x18ac Drivers/STM32F3xx_HAL_Driver/Src/stm32f3xx_hal_tim_ex.o
 .debug_loc     0x000000000000a311      0x5be Src/errors_manager.o
 .debug_loc     0x000000000000a8cf      0x508 Src/jeti_uart.o
 .debug_loc     0x000000000000add7      0x191 Src/main.o
 .debug_loc     0x000000000000af68      0x24d Src/stm32f3xx_hal_msp.o
 .debug_loc     0x000000000000b1b5       0xff Src/system_stm32f3xx.o

.debug_aranges  0x0000000000000000      0xe38
 .debug_aranges
                0x0000000000000000       0xc8 Drivers/STM32F3xx_HAL_Driver/Src/stm32f3xx_hal.o
 .debug_aranges
                0x00000000000000c8      0x168 Drivers/STM32F3xx_HAL_Driver/Src/stm32f3xx_hal_adc_ex.o
 .debug_aranges
                0x0000000000000230       0xb0 Drivers/STM32F3xx_HAL_Driver/Src/stm32f3xx_hal_can.o
 .debug_aranges
                0x00000000000002e0       0x90 Drivers/STM32F3xx_HAL_Driver/Src/stm32f3xx_hal_cortex.o
 .debug_aranges
                0x0000000000000370       0x58 Drivers/STM32F3xx_HAL_Driver/Src/stm32f3xx_hal_gpio.o
 .debug_aranges
                0x00000000000003c8       0x88 Drivers/STM32F3xx_HAL_Driver/Src/stm32f3xx_hal_rcc.o
 .debug_aranges
                0x0000000000000450       0x38 Drivers/STM32F3xx_HAL_Driver/Src/stm32f3xx_hal_rcc_ex.o
 .debug_aranges
                0x0000000000000488      0x1d8 Drivers/STM32F3xx_HAL_Driver/Src/stm32f3xx_hal_spi.o
 .debug_aranges
                0x0000000000000660      0x378 Drivers/STM32F3xx_HAL_Driver/Src/stm32f3xx_hal_tim.o
 .debug_aranges
                0x00000000000009d8      0x178 Drivers/STM32F3xx_HAL_Driver/Src/stm32f3xx_hal_tim_ex.o
 .debug_aranges
                0x0000000000000b50       0xb8 Src/errors_manager.o
 .debug_aranges
                0x0000000000000c08       0x70 Src/jeti_uart.o
 .debug_aranges
                0x0000000000000c78       0x80 Src/main.o
 .debug_aranges
                0x0000000000000cf8       0x60 Src/stm32f3xx_hal_msp.o
 .debug_aranges
                0x0000000000000d58       0x90 Src/stm32f3xx_it.o
 .debug_aranges
                0x0000000000000de8       0x28 Src/system_stm32f3xx.o
 .debug_aranges
                0x0000000000000e10       0x28 startup/startup_stm32f303x8.o

.debug_ranges   0x0000000000000000      0xde0
 .debug_ranges  0x0000000000000000       0xb8 Drivers/STM32F3xx_HAL_Driver/Src/stm32f3xx_hal.o
 .debug_ranges  0x00000000000000b8      0x158 Drivers/STM32F3xx_HAL_Driver/Src/stm32f3xx_hal_adc_ex.o
 .debug_ranges  0x0000000000000210       0xa0 Drivers/STM32F3xx_HAL_Driver/Src/stm32f3xx_hal_can.o
 .debug_ranges  0x00000000000002b0       0xe0 Drivers/STM32F3xx_HAL_Driver/Src/stm32f3xx_hal_cortex.o
 .debug_ranges  0x0000000000000390       0x48 Drivers/STM32F3xx_HAL_Driver/Src/stm32f3xx_hal_gpio.o
 .debug_ranges  0x00000000000003d8       0x98 Drivers/STM32F3xx_HAL_Driver/Src/stm32f3xx_hal_rcc.o
 .debug_ranges  0x0000000000000470       0x40 Drivers/STM32F3xx_HAL_Driver/Src/stm32f3xx_hal_rcc_ex.o
 .debug_ranges  0x00000000000004b0      0x1c8 Drivers/STM32F3xx_HAL_Driver/Src/stm32f3xx_hal_spi.o
 .debug_ranges  0x0000000000000678      0x368 Drivers/STM32F3xx_HAL_Driver/Src/stm32f3xx_hal_tim.o
 .debug_ranges  0x00000000000009e0      0x168 Drivers/STM32F3xx_HAL_Driver/Src/stm32f3xx_hal_tim_ex.o
 .debug_ranges  0x0000000000000b48       0xc0 Src/errors_manager.o
 .debug_ranges  0x0000000000000c08       0x60 Src/jeti_uart.o
 .debug_ranges  0x0000000000000c68       0x70 Src/main.o
 .debug_ranges  0x0000000000000cd8       0x50 Src/stm32f3xx_hal_msp.o
 .debug_ranges  0x0000000000000d28       0x80 Src/stm32f3xx_it.o
 .debug_ranges  0x0000000000000da8       0x18 Src/system_stm32f3xx.o
 .debug_ranges  0x0000000000000dc0       0x20 startup/startup_stm32f303x8.o

.debug_macro    0x0000000000000000    0x19fac
 .debug_macro   0x0000000000000000      0x35c Drivers/STM32F3xx_HAL_Driver/Src/stm32f3xx_hal.o
 .debug_macro   0x000000000000035c      0x8bc Drivers/STM32F3xx_HAL_Driver/Src/stm32f3xx_hal.o
 .debug_macro   0x0000000000000c18       0xd0 Drivers/STM32F3xx_HAL_Driver/Src/stm32f3xx_hal.o
 .debug_macro   0x0000000000000ce8       0xb1 Drivers/STM32F3xx_HAL_Driver/Src/stm32f3xx_hal.o
 .debug_macro   0x0000000000000d99       0x2f Drivers/STM32F3xx_HAL_Driver/Src/stm32f3xx_hal.o
 .debug_macro   0x0000000000000dc8       0x28 Drivers/STM32F3xx_HAL_Driver/Src/stm32f3xx_hal.o
 .debug_macro   0x0000000000000df0       0x22 Drivers/STM32F3xx_HAL_Driver/Src/stm32f3xx_hal.o
 .debug_macro   0x0000000000000e12       0x87 Drivers/STM32F3xx_HAL_Driver/Src/stm32f3xx_hal.o
 .debug_macro   0x0000000000000e99       0x51 Drivers/STM32F3xx_HAL_Driver/Src/stm32f3xx_hal.o
 .debug_macro   0x0000000000000eea       0xef Drivers/STM32F3xx_HAL_Driver/Src/stm32f3xx_hal.o
 .debug_macro   0x0000000000000fd9       0x6a Drivers/STM32F3xx_HAL_Driver/Src/stm32f3xx_hal.o
 .debug_macro   0x0000000000001043      0x1df Drivers/STM32F3xx_HAL_Driver/Src/stm32f3xx_hal.o
 .debug_macro   0x0000000000001222       0x35 Drivers/STM32F3xx_HAL_Driver/Src/stm32f3xx_hal.o
 .debug_macro   0x0000000000001257       0x50 Drivers/STM32F3xx_HAL_Driver/Src/stm32f3xx_hal.o
 .debug_macro   0x00000000000012a7      0xd40 Drivers/STM32F3xx_HAL_Driver/Src/stm32f3xx_hal.o
 .debug_macro   0x0000000000001fe7    0x10bfc Drivers/STM32F3xx_HAL_Driver/Src/stm32f3xx_hal.o
 .debug_macro   0x0000000000012be3       0x43 Drivers/STM32F3xx_HAL_Driver/Src/stm32f3xx_hal.o
 .debug_macro   0x0000000000012c26       0x58 Drivers/STM32F3xx_HAL_Driver/Src/stm32f3xx_hal.o
 .debug_macro   0x0000000000012c7e       0x35 Drivers/STM32F3xx_HAL_Driver/Src/stm32f3xx_hal.o
 .debug_macro   0x0000000000012cb3       0x9c Drivers/STM32F3xx_HAL_Driver/Src/stm32f3xx_hal.o
 .debug_macro   0x0000000000012d4f       0x16 Drivers/STM32F3xx_HAL_Driver/Src/stm32f3xx_hal.o
 .debug_macro   0x0000000000012d65       0x97 Drivers/STM32F3xx_HAL_Driver/Src/stm32f3xx_hal.o
 .debug_macro   0x0000000000012dfc      0x330 Drivers/STM32F3xx_HAL_Driver/Src/stm32f3xx_hal.o
 .debug_macro   0x000000000001312c       0xfd Drivers/STM32F3xx_HAL_Driver/Src/stm32f3xx_hal.o
 .debug_macro   0x0000000000013229       0x10 Drivers/STM32F3xx_HAL_Driver/Src/stm32f3xx_hal.o
 .debug_macro   0x0000000000013239       0x58 Drivers/STM32F3xx_HAL_Driver/Src/stm32f3xx_hal.o
 .debug_macro   0x0000000000013291       0x1f Drivers/STM32F3xx_HAL_Driver/Src/stm32f3xx_hal.o
 .debug_macro   0x00000000000132b0       0x43 Drivers/STM32F3xx_HAL_Driver/Src/stm32f3xx_hal.o
 .debug_macro   0x00000000000132f3       0x20 Drivers/STM32F3xx_HAL_Driver/Src/stm32f3xx_hal.o
 .debug_macro   0x0000000000013313      0x187 Drivers/STM32F3xx_HAL_Driver/Src/stm32f3xx_hal.o
 .debug_macro   0x000000000001349a       0x10 Drivers/STM32F3xx_HAL_Driver/Src/stm32f3xx_hal.o
 .debug_macro   0x00000000000134aa       0x1c Drivers/STM32F3xx_HAL_Driver/Src/stm32f3xx_hal.o
 .debug_macro   0x00000000000134c6       0x52 Drivers/STM32F3xx_HAL_Driver/Src/stm32f3xx_hal.o
 .debug_macro   0x0000000000013518       0x40 Drivers/STM32F3xx_HAL_Driver/Src/stm32f3xx_hal.o
 .debug_macro   0x0000000000013558       0x10 Drivers/STM32F3xx_HAL_Driver/Src/stm32f3xx_hal.o
 .debug_macro   0x0000000000013568       0x40 Drivers/STM32F3xx_HAL_Driver/Src/stm32f3xx_hal.o
 .debug_macro   0x00000000000135a8       0xd7 Drivers/STM32F3xx_HAL_Driver/Src/stm32f3xx_hal.o
 .debug_macro   0x000000000001367f       0x16 Drivers/STM32F3xx_HAL_Driver/Src/stm32f3xx_hal.o
 .debug_macro   0x0000000000013695      0x18b Drivers/STM32F3xx_HAL_Driver/Src/stm32f3xx_hal.o
 .debug_macro   0x0000000000013820       0x49 Drivers/STM32F3xx_HAL_Driver/Src/stm32f3xx_hal.o
 .debug_macro   0x0000000000013869      0x8ff Drivers/STM32F3xx_HAL_Driver/Src/stm32f3xx_hal.o
 .debug_macro   0x0000000000014168      0x304 Drivers/STM32F3xx_HAL_Driver/Src/stm32f3xx_hal.o
 .debug_macro   0x000000000001446c      0x13a Drivers/STM32F3xx_HAL_Driver/Src/stm32f3xx_hal.o
 .debug_macro   0x00000000000145a6      0x11b Drivers/STM32F3xx_HAL_Driver/Src/stm32f3xx_hal.o
 .debug_macro   0x00000000000146c1      0x1bc Drivers/STM32F3xx_HAL_Driver/Src/stm32f3xx_hal.o
 .debug_macro   0x000000000001487d       0x34 Drivers/STM32F3xx_HAL_Driver/Src/stm32f3xx_hal.o
 .debug_macro   0x00000000000148b1       0x3c Drivers/STM32F3xx_HAL_Driver/Src/stm32f3xx_hal.o
 .debug_macro   0x00000000000148ed       0x57 Drivers/STM32F3xx_HAL_Driver/Src/stm32f3xx_hal.o
 .debug_macro   0x0000000000014944      0x884 Drivers/STM32F3xx_HAL_Driver/Src/stm32f3xx_hal.o
 .debug_macro   0x00000000000151c8       0x77 Drivers/STM32F3xx_HAL_Driver/Src/stm32f3xx_hal.o
 .debug_macro   0x000000000001523f      0x391 Drivers/STM32F3xx_HAL_Driver/Src/stm32f3xx_hal.o
 .debug_macro   0x00000000000155d0       0xcb Drivers/STM32F3xx_HAL_Driver/Src/stm32f3xx_hal.o
 .debug_macro   0x000000000001569b      0x1a0 Drivers/STM32F3xx_HAL_Driver/Src/stm32f3xx_hal.o
 .debug_macro   0x000000000001583b      0x202 Drivers/STM32F3xx_HAL_Driver/Src/stm32f3xx_hal.o
 .debug_macro   0x0000000000015a3d       0x5b Drivers/STM32F3xx_HAL_Driver/Src/stm32f3xx_hal.o
 .debug_macro   0x0000000000015a98       0x90 Drivers/STM32F3xx_HAL_Driver/Src/stm32f3xx_hal.o
 .debug_macro   0x0000000000015b28       0x82 Drivers/STM32F3xx_HAL_Driver/Src/stm32f3xx_hal.o
 .debug_macro   0x0000000000015baa       0xd3 Drivers/STM32F3xx_HAL_Driver/Src/stm32f3xx_hal.o
 .debug_macro   0x0000000000015c7d      0x2e9 Drivers/STM32F3xx_HAL_Driver/Src/stm32f3xx_hal.o
 .debug_macro   0x0000000000015f66      0x6af Drivers/STM32F3xx_HAL_Driver/Src/stm32f3xx_hal.o
 .debug_macro   0x0000000000016615      0x328 Drivers/STM32F3xx_HAL_Driver/Src/stm32f3xx_hal.o
 .debug_macro   0x000000000001693d      0x27c Drivers/STM32F3xx_HAL_Driver/Src/stm32f3xx_hal.o
 .debug_macro   0x0000000000016bb9      0x362 Drivers/STM32F3xx_HAL_Driver/Src/stm32f3xx_hal_adc_ex.o
 .debug_macro   0x0000000000016f1b      0x33f Drivers/STM32F3xx_HAL_Driver/Src/stm32f3xx_hal_can.o
 .debug_macro   0x000000000001725a      0x338 Drivers/STM32F3xx_HAL_Driver/Src/stm32f3xx_hal_cortex.o
 .debug_macro   0x0000000000017592      0x370 Drivers/STM32F3xx_HAL_Driver/Src/stm32f3xx_hal_gpio.o
 .debug_macro   0x0000000000017902      0x35c Drivers/STM32F3xx_HAL_Driver/Src/stm32f3xx_hal_rcc.o
 .debug_macro   0x0000000000017c5e      0x338 Drivers/STM32F3xx_HAL_Driver/Src/stm32f3xx_hal_rcc_ex.o
 .debug_macro   0x0000000000017f96      0x340 Drivers/STM32F3xx_HAL_Driver/Src/stm32f3xx_hal_spi.o
 .debug_macro   0x00000000000182d6      0x338 Drivers/STM32F3xx_HAL_Driver/Src/stm32f3xx_hal_tim.o
 .debug_macro   0x000000000001860e      0x344 Drivers/STM32F3xx_HAL_Driver/Src/stm32f3xx_hal_tim_ex.o
 .debug_macro   0x0000000000018952      0x371 Src/errors_manager.o
 .debug_macro   0x0000000000018cc3       0x22 Src/errors_manager.o
 .debug_macro   0x0000000000018ce5       0xc1 Src/errors_manager.o
 .debug_macro   0x0000000000018da6       0x16 Src/errors_manager.o
 .debug_macro   0x0000000000018dbc       0x35 Src/errors_manager.o
 .debug_macro   0x0000000000018df1      0x371 Src/jeti_uart.o
 .debug_macro   0x0000000000019162       0x52 Src/jeti_uart.o
 .debug_macro   0x00000000000191b4      0x361 Src/main.o
 .debug_macro   0x0000000000019515       0xc7 Src/main.o
 .debug_macro   0x00000000000195dc      0x338 Src/stm32f3xx_hal_msp.o
 .debug_macro   0x0000000000019914      0x35a Src/stm32f3xx_it.o
 .debug_macro   0x0000000000019c6e      0x33e Src/system_stm32f3xx.o

.debug_line     0x0000000000000000     0xd2a4
 .debug_line    0x0000000000000000      0x9d8 Drivers/STM32F3xx_HAL_Driver/Src/stm32f3xx_hal.o
 .debug_line    0x00000000000009d8     0x1655 Drivers/STM32F3xx_HAL_Driver/Src/stm32f3xx_hal_adc_ex.o
 .debug_line    0x000000000000202d      0xdf3 Drivers/STM32F3xx_HAL_Driver/Src/stm32f3xx_hal_can.o
 .debug_line    0x0000000000002e20      0x9fa Drivers/STM32F3xx_HAL_Driver/Src/stm32f3xx_hal_cortex.o
 .debug_line    0x000000000000381a      0x9a0 Drivers/STM32F3xx_HAL_Driver/Src/stm32f3xx_hal_gpio.o
 .debug_line    0x00000000000041ba      0xd04 Drivers/STM32F3xx_HAL_Driver/Src/stm32f3xx_hal_rcc.o
 .debug_line    0x0000000000004ebe      0x9db Drivers/STM32F3xx_HAL_Driver/Src/stm32f3xx_hal_rcc_ex.o
 .debug_line    0x0000000000005899     0x1359 Drivers/STM32F3xx_HAL_Driver/Src/stm32f3xx_hal_spi.o
 .debug_line    0x0000000000006bf2     0x1a15 Drivers/STM32F3xx_HAL_Driver/Src/stm32f3xx_hal_tim.o
 .debug_line    0x0000000000008607      0xf9d Drivers/STM32F3xx_HAL_Driver/Src/stm32f3xx_hal_tim_ex.o
 .debug_line    0x00000000000095a4      0xc2e Src/errors_manager.o
 .debug_line    0x000000000000a1d2      0xa86 Src/jeti_uart.o
 .debug_line    0x000000000000ac58      0xa67 Src/main.o
 .debug_line    0x000000000000b6bf      0x945 Src/stm32f3xx_hal_msp.o
 .debug_line    0x000000000000c004      0x9ad Src/stm32f3xx_it.o
 .debug_line    0x000000000000c9b1      0x874 Src/system_stm32f3xx.o
 .debug_line    0x000000000000d225       0x7f startup/startup_stm32f303x8.o

.debug_str      0x0000000000000000    0x8efc8
 .debug_str     0x0000000000000000    0x8a1ad Drivers/STM32F3xx_HAL_Driver/Src/stm32f3xx_hal.o
                                      0x8a4c9 (size before relaxing)
 .debug_str     0x000000000008a1ad      0xcf5 Drivers/STM32F3xx_HAL_Driver/Src/stm32f3xx_hal_adc_ex.o
                                      0x8ab7a (size before relaxing)
 .debug_str     0x000000000008aea2      0x4ce Drivers/STM32F3xx_HAL_Driver/Src/stm32f3xx_hal_can.o
                                      0x8a367 (size before relaxing)
 .debug_str     0x000000000008b370      0x2af Drivers/STM32F3xx_HAL_Driver/Src/stm32f3xx_hal_cortex.o
                                      0x8a491 (size before relaxing)
 .debug_str     0x000000000008b61f      0x2db Drivers/STM32F3xx_HAL_Driver/Src/stm32f3xx_hal_gpio.o
                                      0x8a156 (size before relaxing)
 .debug_str     0x000000000008b8fa      0x3fe Drivers/STM32F3xx_HAL_Driver/Src/stm32f3xx_hal_rcc.o
                                      0x8a2ee (size before relaxing)
 .debug_str     0x000000000008bcf8      0x17f Drivers/STM32F3xx_HAL_Driver/Src/stm32f3xx_hal_rcc_ex.o
                                      0x8a033 (size before relaxing)
 .debug_str     0x000000000008be77      0x73a Drivers/STM32F3xx_HAL_Driver/Src/stm32f3xx_hal_spi.o
                                      0x8a747 (size before relaxing)
 .debug_str     0x000000000008c5b1      0xf6b Drivers/STM32F3xx_HAL_Driver/Src/stm32f3xx_hal_tim.o
                                      0x8af93 (size before relaxing)
 .debug_str     0x000000000008d51c      0x5c6 Drivers/STM32F3xx_HAL_Driver/Src/stm32f3xx_hal_tim_ex.o
                                      0x8a9f1 (size before relaxing)
 .debug_str     0x000000000008dae2      0xec1 Src/errors_manager.o
                                      0x8b5d1 (size before relaxing)
 .debug_str     0x000000000008e9a3      0x379 Src/jeti_uart.o
                                      0x8a2ee (size before relaxing)
 .debug_str     0x000000000008ed1c      0x12c Src/main.o
                                      0x8bfc9 (size before relaxing)
 .debug_str     0x000000000008ee48       0x25 Src/stm32f3xx_hal_msp.o
                                      0x8accd (size before relaxing)
 .debug_str     0x000000000008ee6d       0xf7 Src/stm32f3xx_it.o
                                      0x8a684 (size before relaxing)
 .debug_str     0x000000000008ef64       0x64 Src/system_stm32f3xx.o
                                      0x89e87 (size before relaxing)

.comment        0x0000000000000000       0x7f
 .comment       0x0000000000000000       0x7f Drivers/STM32F3xx_HAL_Driver/Src/stm32f3xx_hal.o
                                         0x80 (size before relaxing)
 .comment       0x000000000000007f       0x80 Drivers/STM32F3xx_HAL_Driver/Src/stm32f3xx_hal_adc_ex.o
 .comment       0x000000000000007f       0x80 Drivers/STM32F3xx_HAL_Driver/Src/stm32f3xx_hal_can.o
 .comment       0x000000000000007f       0x80 Drivers/STM32F3xx_HAL_Driver/Src/stm32f3xx_hal_cortex.o
 .comment       0x000000000000007f       0x80 Drivers/STM32F3xx_HAL_Driver/Src/stm32f3xx_hal_gpio.o
 .comment       0x000000000000007f       0x80 Drivers/STM32F3xx_HAL_Driver/Src/stm32f3xx_hal_rcc.o
 .comment       0x000000000000007f       0x80 Drivers/STM32F3xx_HAL_Driver/Src/stm32f3xx_hal_rcc_ex.o
 .comment       0x000000000000007f       0x80 Drivers/STM32F3xx_HAL_Driver/Src/stm32f3xx_hal_spi.o
 .comment       0x000000000000007f       0x80 Drivers/STM32F3xx_HAL_Driver/Src/stm32f3xx_hal_tim.o
 .comment       0x000000000000007f       0x80 Drivers/STM32F3xx_HAL_Driver/Src/stm32f3xx_hal_tim_ex.o
 .comment       0x000000000000007f       0x80 Src/errors_manager.o
 .comment       0x000000000000007f       0x80 Src/jeti_uart.o
 .comment       0x000000000000007f       0x80 Src/main.o
 .comment       0x000000000000007f       0x80 Src/stm32f3xx_hal_msp.o
 .comment       0x000000000000007f       0x80 Src/stm32f3xx_it.o
 .comment       0x000000000000007f       0x80 Src/system_stm32f3xx.o

.debug_frame    0x0000000000000000     0x27f4
 .debug_frame   0x0000000000000000      0x198 Drivers/STM32F3xx_HAL_Driver/Src/stm32f3xx_hal.o
 .debug_frame   0x0000000000000198      0x4a0 Drivers/STM32F3xx_HAL_Driver/Src/stm32f3xx_hal_adc_ex.o
 .debug_frame   0x0000000000000638      0x208 Drivers/STM32F3xx_HAL_Driver/Src/stm32f3xx_hal_can.o
 .debug_frame   0x0000000000000840      0x12c Drivers/STM32F3xx_HAL_Driver/Src/stm32f3xx_hal_cortex.o
 .debug_frame   0x000000000000096c       0xd0 Drivers/STM32F3xx_HAL_Driver/Src/stm32f3xx_hal_gpio.o
 .debug_frame   0x0000000000000a3c      0x14c Drivers/STM32F3xx_HAL_Driver/Src/stm32f3xx_hal_rcc.o
 .debug_frame   0x0000000000000b88       0x80 Drivers/STM32F3xx_HAL_Driver/Src/stm32f3xx_hal_rcc_ex.o
 .debug_frame   0x0000000000000c08      0x5b8 Drivers/STM32F3xx_HAL_Driver/Src/stm32f3xx_hal_spi.o
 .debug_frame   0x00000000000011c0      0xa1c Drivers/STM32F3xx_HAL_Driver/Src/stm32f3xx_hal_tim.o
 .debug_frame   0x0000000000001bdc      0x45c Drivers/STM32F3xx_HAL_Driver/Src/stm32f3xx_hal_tim_ex.o
 .debug_frame   0x0000000000002038      0x214 Src/errors_manager.o
 .debug_frame   0x000000000000224c      0x148 Src/jeti_uart.o
 .debug_frame   0x0000000000002394      0x184 Src/main.o
 .debug_frame   0x0000000000002518      0x100 Src/stm32f3xx_hal_msp.o
 .debug_frame   0x0000000000002618      0x138 Src/stm32f3xx_it.o
 .debug_frame   0x0000000000002750       0x30 Src/system_stm32f3xx.o
 .debug_frame   0x0000000000002780       0x2c /home/stepan/Software/AC6/plugins/fr.ac6.mcu.externaltools.arm-none.linux64_1.15.0.201708311556/tools/compiler/bin/../lib/gcc/arm-none-eabi/6.3.1/../../../../arm-none-eabi/lib/thumb/v7e-m/fpv4-sp/hard/libc_nano.a(lib_a-init.o)
 .debug_frame   0x00000000000027ac       0x28 /home/stepan/Software/AC6/plugins/fr.ac6.mcu.externaltools.arm-none.linux64_1.15.0.201708311556/tools/compiler/bin/../lib/gcc/arm-none-eabi/6.3.1/../../../../arm-none-eabi/lib/thumb/v7e-m/fpv4-sp/hard/libc_nano.a(lib_a-memcpy-stub.o)
 .debug_frame   0x00000000000027d4       0x20 /home/stepan/Software/AC6/plugins/fr.ac6.mcu.externaltools.arm-none.linux64_1.15.0.201708311556/tools/compiler/bin/../lib/gcc/arm-none-eabi/6.3.1/../../../../arm-none-eabi/lib/thumb/v7e-m/fpv4-sp/hard/libc_nano.a(lib_a-memset.o)
