Archive member included to satisfy reference by file (symbol)

/home/stepan/Software/AC6/plugins/fr.ac6.mcu.externaltools.arm-none.linux64_1.15.0.201708311556/tools/compiler/bin/../lib/gcc/arm-none-eabi/6.3.1/../../../../arm-none-eabi/lib/thumb/v7e-m/fpv4-sp/hard/libc_nano.a(lib_a-exit.o)
                              /home/stepan/Software/AC6/plugins/fr.ac6.mcu.externaltools.arm-none.linux64_1.15.0.201708311556/tools/compiler/bin/../lib/gcc/arm-none-eabi/6.3.1/../../../../arm-none-eabi/lib/thumb/v7e-m/fpv4-sp/hard/crt0.o (exit)
/home/stepan/Software/AC6/plugins/fr.ac6.mcu.externaltools.arm-none.linux64_1.15.0.201708311556/tools/compiler/bin/../lib/gcc/arm-none-eabi/6.3.1/../../../../arm-none-eabi/lib/thumb/v7e-m/fpv4-sp/hard/libc_nano.a(lib_a-impure.o)
                              /home/stepan/Software/AC6/plugins/fr.ac6.mcu.externaltools.arm-none.linux64_1.15.0.201708311556/tools/compiler/bin/../lib/gcc/arm-none-eabi/6.3.1/../../../../arm-none-eabi/lib/thumb/v7e-m/fpv4-sp/hard/libc_nano.a(lib_a-exit.o) (_global_impure_ptr)
/home/stepan/Software/AC6/plugins/fr.ac6.mcu.externaltools.arm-none.linux64_1.15.0.201708311556/tools/compiler/bin/../lib/gcc/arm-none-eabi/6.3.1/../../../../arm-none-eabi/lib/thumb/v7e-m/fpv4-sp/hard/libc_nano.a(lib_a-init.o)
                              /home/stepan/Software/AC6/plugins/fr.ac6.mcu.externaltools.arm-none.linux64_1.15.0.201708311556/tools/compiler/bin/../lib/gcc/arm-none-eabi/6.3.1/../../../../arm-none-eabi/lib/thumb/v7e-m/fpv4-sp/hard/crt0.o (__libc_init_array)
/home/stepan/Software/AC6/plugins/fr.ac6.mcu.externaltools.arm-none.linux64_1.15.0.201708311556/tools/compiler/bin/../lib/gcc/arm-none-eabi/6.3.1/../../../../arm-none-eabi/lib/thumb/v7e-m/fpv4-sp/hard/libc_nano.a(lib_a-memcpy-stub.o)
                              Src/jeti_uart.o (memcpy)
/home/stepan/Software/AC6/plugins/fr.ac6.mcu.externaltools.arm-none.linux64_1.15.0.201708311556/tools/compiler/bin/../lib/gcc/arm-none-eabi/6.3.1/../../../../arm-none-eabi/lib/thumb/v7e-m/fpv4-sp/hard/libc_nano.a(lib_a-memset.o)
                              /home/stepan/Software/AC6/plugins/fr.ac6.mcu.externaltools.arm-none.linux64_1.15.0.201708311556/tools/compiler/bin/../lib/gcc/arm-none-eabi/6.3.1/../../../../arm-none-eabi/lib/thumb/v7e-m/fpv4-sp/hard/crt0.o (memset)
/home/stepan/Software/AC6/plugins/fr.ac6.mcu.externaltools.arm-none.linux64_1.15.0.201708311556/tools/compiler/bin/../lib/gcc/arm-none-eabi/6.3.1/../../../../arm-none-eabi/lib/thumb/v7e-m/fpv4-sp/hard/libc_nano.a(lib_a-strlen.o)
                              Src/jeti_uart.o (strlen)
/home/stepan/Software/AC6/plugins/fr.ac6.mcu.externaltools.arm-none.linux64_1.15.0.201708311556/tools/compiler/bin/../lib/gcc/arm-none-eabi/6.3.1/../../../../arm-none-eabi/lib/thumb/v7e-m/fpv4-sp/hard/libnosys.a(_exit.o)
                              /home/stepan/Software/AC6/plugins/fr.ac6.mcu.externaltools.arm-none.linux64_1.15.0.201708311556/tools/compiler/bin/../lib/gcc/arm-none-eabi/6.3.1/../../../../arm-none-eabi/lib/thumb/v7e-m/fpv4-sp/hard/libc_nano.a(lib_a-exit.o) (_exit)

Allocating common symbols
Common symbol       size              file

stack_lenght        0x40              Src/jeti_uart.o
ex_text1            0x58              Src/jeti_uart.o
ex_data             0x52              Src/jeti_uart.o
htim17              0x40              Src/main.o
hcan                0x44              Src/main.o
uwTick              0x4               Drivers/STM32F3xx_HAL_Driver/Src/stm32f3xx_hal.o
pFlash              0x20              Drivers/STM32F3xx_HAL_Driver/Src/stm32f3xx_hal_flash.o
htim3               0x40              Src/main.o
hadc1               0x54              Src/main.o
htim6               0x40              Src/main.o
hspi1               0x64              Src/main.o
ex_text_plain       0x58              Src/jeti_uart.o
stack_seq           0x2200            Src/jeti_uart.o
htim16              0x40              Src/main.o
htim7               0x40              Src/main.o
ex_text3            0x58              Src/jeti_uart.o

Discarded input sections

 .text          0x0000000000000000        0x0 /home/stepan/Software/AC6/plugins/fr.ac6.mcu.externaltools.arm-none.linux64_1.15.0.201708311556/tools/compiler/bin/../lib/gcc/arm-none-eabi/6.3.1/thumb/v7e-m/fpv4-sp/hard/crti.o
 .data          0x0000000000000000        0x0 /home/stepan/Software/AC6/plugins/fr.ac6.mcu.externaltools.arm-none.linux64_1.15.0.201708311556/tools/compiler/bin/../lib/gcc/arm-none-eabi/6.3.1/thumb/v7e-m/fpv4-sp/hard/crti.o
 .bss           0x0000000000000000        0x0 /home/stepan/Software/AC6/plugins/fr.ac6.mcu.externaltools.arm-none.linux64_1.15.0.201708311556/tools/compiler/bin/../lib/gcc/arm-none-eabi/6.3.1/thumb/v7e-m/fpv4-sp/hard/crti.o
 .data          0x0000000000000000        0x4 /home/stepan/Software/AC6/plugins/fr.ac6.mcu.externaltools.arm-none.linux64_1.15.0.201708311556/tools/compiler/bin/../lib/gcc/arm-none-eabi/6.3.1/thumb/v7e-m/fpv4-sp/hard/crtbegin.o
[...]
Memory Configuration

Name             Origin             Length             Attributes
RAM              0x0000000020000000 0x0000000000003000 xrw
CCMRAM           0x0000000010000000 0x0000000000001000 rw
FLASH            0x0000000008000000 0x0000000000008000 xr
*default*        0x0000000000000000 0xffffffffffffffff

Linker script and memory map

LOAD /home/stepan/Software/AC6/plugins/fr.ac6.mcu.externaltools.arm-none.linux64_1.15.0.201708311556/tools/compiler/bin/../lib/gcc/arm-none-eabi/6.3.1/thumb/v7e-m/fpv4-sp/hard/crti.o
LOAD /home/stepan/Software/AC6/plugins/fr.ac6.mcu.externaltools.arm-none.linux64_1.15.0.201708311556/tools/compiler/bin/../lib/gcc/arm-none-eabi/6.3.1/thumb/v7e-m/fpv4-sp/hard/crtbegin.o
LOAD /home/stepan/Software/AC6/plugins/fr.ac6.mcu.externaltools.arm-none.linux64_1.15.0.201708311556/tools/compiler/bin/../lib/gcc/arm-none-eabi/6.3.1/../../../../arm-none-eabi/lib/thumb/v7e-m/fpv4-sp/hard/crt0.o
LOAD Drivers/STM32F3xx_HAL_Driver/Src/stm32f3xx_hal.o
LOAD Drivers/STM32F3xx_HAL_Driver/Src/stm32f3xx_hal_adc.o
LOAD Drivers/STM32F3xx_HAL_Driver/Src/stm32f3xx_hal_adc_ex.o
LOAD Drivers/STM32F3xx_HAL_Driver/Src/stm32f3xx_hal_can.o
LOAD Drivers/STM32F3xx_HAL_Driver/Src/stm32f3xx_hal_cortex.o
LOAD Drivers/STM32F3xx_HAL_Driver/Src/stm32f3xx_hal_dma.o
LOAD Drivers/STM32F3xx_HAL_Driver/Src/stm32f3xx_hal_flash.o
LOAD Drivers/STM32F3xx_HAL_Driver/Src/stm32f3xx_hal_flash_ex.o
LOAD Drivers/STM32F3xx_HAL_Driver/Src/stm32f3xx_hal_gpio.o
LOAD Drivers/STM32F3xx_HAL_Driver/Src/stm32f3xx_hal_i2c.o
LOAD Drivers/STM32F3xx_HAL_Driver/Src/stm32f3xx_hal_i2c_ex.o
LOAD Drivers/STM32F3xx_HAL_Driver/Src/stm32f3xx_hal_pwr.o
LOAD Drivers/STM32F3xx_HAL_Driver/Src/stm32f3xx_hal_pwr_ex.o
LOAD Drivers/STM32F3xx_HAL_Driver/Src/stm32f3xx_hal_rcc.o
LOAD Drivers/STM32F3xx_HAL_Driver/Src/stm32f3xx_hal_rcc_ex.o
LOAD Drivers/STM32F3xx_HAL_Driver/Src/stm32f3xx_hal_spi.o
LOAD Drivers/STM32F3xx_HAL_Driver/Src/stm32f3xx_hal_spi_ex.o
LOAD Drivers/STM32F3xx_HAL_Driver/Src/stm32f3xx_hal_tim.o
LOAD Drivers/STM32F3xx_HAL_Driver/Src/stm32f3xx_hal_tim_ex.o
LOAD Src/MC33797.o
LOAD Src/jeti_uart.o
LOAD Src/main.o
LOAD Src/stm32f3xx_hal_msp.o
LOAD Src/stm32f3xx_it.o
LOAD Src/system_stm32f3xx.o
LOAD startup/startup_stm32f303x8.o
LOAD /home/stepan/Software/AC6/plugins/fr.ac6.mcu.externaltools.arm-none.linux64_1.15.0.201708311556/tools/compiler/bin/../lib/gcc/arm-none-eabi/6.3.1/../../../../arm-none-eabi/lib/thumb/v7e-m/fpv4-sp/hard/libm.a
START GROUP
LOAD /home/stepan/Software/AC6/plugins/fr.ac6.mcu.externaltools.arm-none.linux64_1.15.0.201708311556/tools/compiler/bin/../lib/gcc/arm-none-eabi/6.3.1/thumb/v7e-m/fpv4-sp/hard/libgcc.a
LOAD /home/stepan/Software/AC6/plugins/fr.ac6.mcu.externaltools.arm-none.linux64_1.15.0.201708311556/tools/compiler/bin/../lib/gcc/arm-none-eabi/6.3.1/../../../../arm-none-eabi/lib/thumb/v7e-m/fpv4-sp/hard/libc_nano.a
END GROUP
START GROUP
LOAD /home/stepan/Software/AC6/plugins/fr.ac6.mcu.externaltools.arm-none.linux64_1.15.0.201708311556/tools/compiler/bin/../lib/gcc/arm-none-eabi/6.3.1/thumb/v7e-m/fpv4-sp/hard/libgcc.a
LOAD /home/stepan/Software/AC6/plugins/fr.ac6.mcu.externaltools.arm-none.linux64_1.15.0.201708311556/tools/compiler/bin/../lib/gcc/arm-none-eabi/6.3.1/../../../../arm-none-eabi/lib/thumb/v7e-m/fpv4-sp/hard/libc_nano.a
LOAD /home/stepan/Software/AC6/plugins/fr.ac6.mcu.externaltools.arm-none.linux64_1.15.0.201708311556/tools/compiler/bin/../lib/gcc/arm-none-eabi/6.3.1/../../../../arm-none-eabi/lib/thumb/v7e-m/fpv4-sp/hard/libnosys.a
END GROUP
START GROUP
LOAD /home/stepan/Software/AC6/plugins/fr.ac6.mcu.externaltools.arm-none.linux64_1.15.0.201708311556/tools/compiler/bin/../lib/gcc/arm-none-eabi/6.3.1/thumb/v7e-m/fpv4-sp/hard/libgcc.a
LOAD /home/stepan/Software/AC6/plugins/fr.ac6.mcu.externaltools.arm-none.linux64_1.15.0.201708311556/tools/compiler/bin/../lib/gcc/arm-none-eabi/6.3.1/../../../../arm-none-eabi/lib/thumb/v7e-m/fpv4-sp/hard/libc_nano.a
LOAD /home/stepan/Software/AC6/plugins/fr.ac6.mcu.externaltools.arm-none.linux64_1.15.0.201708311556/tools/compiler/bin/../lib/gcc/arm-none-eabi/6.3.1/../../../../arm-none-eabi/lib/thumb/v7e-m/fpv4-sp/hard/libnosys.a
END GROUP
LOAD /home/stepan/Software/AC6/plugins/fr.ac6.mcu.externaltools.arm-none.linux64_1.15.0.201708311556/tools/compiler/bin/../lib/gcc/arm-none-eabi/6.3.1/thumb/v7e-m/fpv4-sp/hard/crtend.o
LOAD /home/stepan/Software/AC6/plugins/fr.ac6.mcu.externaltools.arm-none.linux64_1.15.0.201708311556/tools/compiler/bin/../lib/gcc/arm-none-eabi/6.3.1/thumb/v7e-m/fpv4-sp/hard/crtn.o
                0x0000000020003000                _estack = 0x20003000
                0x0000000000000100                _Min_Heap_Size = 0x100
                0x0000000000000400                _Min_Stack_Size = 0x400

.isr_vector     0x0000000008000000      0x188
                0x0000000008000000                . = ALIGN (0x4)
 *(.isr_vector)
 .isr_vector    0x0000000008000000      0x188 startup/startup_stm32f303x8.o
                0x0000000008000000                g_pfnVectors
                0x0000000008000188                . = ALIGN (0x4)

.text           0x0000000008000188     0x47d8
                0x0000000008000188                . = ALIGN (0x4)
 *(.text)
 .text          0x0000000008000188       0x6c /home/stepan/Software/AC6/plugins/fr.ac6.mcu.externaltools.arm-none.linux64_1.15.0.201708311556/tools/compiler/bin/../lib/gcc/arm-none-eabi/6.3.1/thumb/v7e-m/fpv4-sp/hard/crtbegin.o
 .text          0x00000000080001f4       0x10 /home/stepan/Software/AC6/plugins/fr.ac6.mcu.externaltools.arm-none.linux64_1.15.0.201708311556/tools/compiler/bin/../lib/gcc/arm-none-eabi/6.3.1/../../../../arm-none-eabi/lib/thumb/v7e-m/fpv4-sp/hard/libc_nano.a(lib_a-strlen.o)
                0x00000000080001f4                strlen
 *(.text*)
 .text.HAL_Init
                0x0000000008000204       0x2c Drivers/STM32F3xx_HAL_Driver/Src/stm32f3xx_hal.o
                0x0000000008000204                HAL_Init
 .text.HAL_InitTick
                0x0000000008000230       0x38 Drivers/STM32F3xx_HAL_Driver/Src/stm32f3xx_hal.o
                0x0000000008000230                HAL_InitTick
 .text.HAL_IncTick
                0x0000000008000268       0x1c Drivers/STM32F3xx_HAL_Driver/Src/stm32f3xx_hal.o
                0x0000000008000268                HAL_IncTick
 .text.HAL_GetTick
                0x0000000008000284       0x18 Drivers/STM32F3xx_HAL_Driver/Src/stm32f3xx_hal.o
                0x0000000008000284                HAL_GetTick
 .text.HAL_ADC_Init
                0x000000000800029c      0x31c Drivers/STM32F3xx_HAL_Driver/Src/stm32f3xx_hal_adc_ex.o
                0x000000000800029c                HAL_ADC_Init
 .text.HAL_ADC_ConfigChannel
                0x00000000080005b8      0x57c Drivers/STM32F3xx_HAL_Driver/Src/stm32f3xx_hal_adc_ex.o
                0x00000000080005b8                HAL_ADC_ConfigChannel
 .text.HAL_ADCEx_MultiModeConfigChannel
                0x0000000008000b34      0x188 Drivers/STM32F3xx_HAL_Driver/Src/stm32f3xx_hal_adc_ex.o
                0x0000000008000b34                HAL_ADCEx_MultiModeConfigChannel
 .text.ADC_Disable
                0x0000000008000cbc       0xbe Drivers/STM32F3xx_HAL_Driver/Src/stm32f3xx_hal_adc_ex.o
 .text.HAL_CAN_Init
                0x0000000008000d7a      0x248 Drivers/STM32F3xx_HAL_Driver/Src/stm32f3xx_hal_can.o
                0x0000000008000d7a                HAL_CAN_Init
 *fill*         0x0000000008000fc2        0x2 
 .text.NVIC_SetPriorityGrouping
                0x0000000008000fc4       0x48 Drivers/STM32F3xx_HAL_Driver/Src/stm32f3xx_hal_cortex.o
 .text.NVIC_GetPriorityGrouping
                0x000000000800100c       0x1c Drivers/STM32F3xx_HAL_Driver/Src/stm32f3xx_hal_cortex.o
 .text.NVIC_EnableIRQ
                0x0000000008001028       0x34 Drivers/STM32F3xx_HAL_Driver/Src/stm32f3xx_hal_cortex.o
 .text.NVIC_SetPriority
                0x000000000800105c       0x54 Drivers/STM32F3xx_HAL_Driver/Src/stm32f3xx_hal_cortex.o
 .text.NVIC_EncodePriority
                0x00000000080010b0       0x62 Drivers/STM32F3xx_HAL_Driver/Src/stm32f3xx_hal_cortex.o
 *fill*         0x0000000008001112        0x2 
 .text.SysTick_Config
                0x0000000008001114       0x44 Drivers/STM32F3xx_HAL_Driver/Src/stm32f3xx_hal_cortex.o
 .text.HAL_NVIC_SetPriorityGrouping
                0x0000000008001158       0x16 Drivers/STM32F3xx_HAL_Driver/Src/stm32f3xx_hal_cortex.o
                0x0000000008001158                HAL_NVIC_SetPriorityGrouping
 .text.HAL_NVIC_SetPriority
                0x000000000800116e       0x38 Drivers/STM32F3xx_HAL_Driver/Src/stm32f3xx_hal_cortex.o
                0x000000000800116e                HAL_NVIC_SetPriority
 .text.HAL_NVIC_EnableIRQ
                0x00000000080011a6       0x1c Drivers/STM32F3xx_HAL_Driver/Src/stm32f3xx_hal_cortex.o
                0x00000000080011a6                HAL_NVIC_EnableIRQ
 .text.HAL_SYSTICK_Config
                0x00000000080011c2       0x18 Drivers/STM32F3xx_HAL_Driver/Src/stm32f3xx_hal_cortex.o
                0x00000000080011c2                HAL_SYSTICK_Config
 *fill*         0x00000000080011da        0x2 
 .text.HAL_SYSTICK_CLKSourceConfig
                0x00000000080011dc       0x38 Drivers/STM32F3xx_HAL_Driver/Src/stm32f3xx_hal_cortex.o
                0x00000000080011dc                HAL_SYSTICK_CLKSourceConfig
 .text.HAL_SYSTICK_IRQHandler
                0x0000000008001214        0xc Drivers/STM32F3xx_HAL_Driver/Src/stm32f3xx_hal_cortex.o
                0x0000000008001214                HAL_SYSTICK_IRQHandler
 .text.HAL_SYSTICK_Callback
                0x0000000008001220        0xe Drivers/STM32F3xx_HAL_Driver/Src/stm32f3xx_hal_cortex.o
                0x0000000008001220                HAL_SYSTICK_Callback
 *fill*         0x000000000800122e        0x2 
 .text.HAL_GPIO_Init
                0x0000000008001230      0x2ec Drivers/STM32F3xx_HAL_Driver/Src/stm32f3xx_hal_gpio.o
                0x0000000008001230                HAL_GPIO_Init
 .text.HAL_GPIO_ReadPin
                0x000000000800151c       0x30 Drivers/STM32F3xx_HAL_Driver/Src/stm32f3xx_hal_gpio.o
                0x000000000800151c                HAL_GPIO_ReadPin
 .text.HAL_GPIO_WritePin
                0x000000000800154c       0x30 Drivers/STM32F3xx_HAL_Driver/Src/stm32f3xx_hal_gpio.o
                0x000000000800154c                HAL_GPIO_WritePin
 .text.HAL_GPIO_TogglePin
                0x000000000800157c       0x24 Drivers/STM32F3xx_HAL_Driver/Src/stm32f3xx_hal_gpio.o
                0x000000000800157c                HAL_GPIO_TogglePin
 .text.HAL_GPIO_EXTI_IRQHandler
                0x00000000080015a0       0x30 Drivers/STM32F3xx_HAL_Driver/Src/stm32f3xx_hal_gpio.o
                0x00000000080015a0                HAL_GPIO_EXTI_IRQHandler
 .text.HAL_GPIO_EXTI_Callback
                0x00000000080015d0       0x16 Drivers/STM32F3xx_HAL_Driver/Src/stm32f3xx_hal_gpio.o
                0x00000000080015d0                HAL_GPIO_EXTI_Callback
 *fill*         0x00000000080015e6        0x2 
 .text.HAL_RCC_OscConfig
                0x00000000080015e8      0xdd4 Drivers/STM32F3xx_HAL_Driver/Src/stm32f3xx_hal_rcc.o
                0x00000000080015e8                HAL_RCC_OscConfig
 .text.HAL_RCC_ClockConfig
                0x00000000080023bc      0x340 Drivers/STM32F3xx_HAL_Driver/Src/stm32f3xx_hal_rcc.o
                0x00000000080023bc                HAL_RCC_ClockConfig
 .text.HAL_RCC_GetSysClockFreq
                0x00000000080026fc       0xd8 Drivers/STM32F3xx_HAL_Driver/Src/stm32f3xx_hal_rcc.o
                0x00000000080026fc                HAL_RCC_GetSysClockFreq
 .text.HAL_RCC_GetHCLKFreq
                0x00000000080027d4       0x18 Drivers/STM32F3xx_HAL_Driver/Src/stm32f3xx_hal_rcc.o
                0x00000000080027d4                HAL_RCC_GetHCLKFreq
 .text.HAL_RCCEx_PeriphCLKConfig
                0x00000000080027ec      0x24c Drivers/STM32F3xx_HAL_Driver/Src/stm32f3xx_hal_rcc_ex.o
                0x00000000080027ec                HAL_RCCEx_PeriphCLKConfig
 .text.HAL_SPI_Init
                0x0000000008002a38      0x110 Drivers/STM32F3xx_HAL_Driver/Src/stm32f3xx_hal_spi.o
                0x0000000008002a38                HAL_SPI_Init
 .text.HAL_TIM_Base_Init
                0x0000000008002b48       0x56 Drivers/STM32F3xx_HAL_Driver/Src/stm32f3xx_hal_tim.o
                0x0000000008002b48                HAL_TIM_Base_Init
 .text.HAL_TIM_Base_Start_IT
                0x0000000008002b9e       0x36 Drivers/STM32F3xx_HAL_Driver/Src/stm32f3xx_hal_tim.o
                0x0000000008002b9e                HAL_TIM_Base_Start_IT
 .text.HAL_TIM_IRQHandler
                0x0000000008002bd4      0x23e Drivers/STM32F3xx_HAL_Driver/Src/stm32f3xx_hal_tim.o
                0x0000000008002bd4                HAL_TIM_IRQHandler
 .text.HAL_TIM_ConfigClockSource
                0x0000000008002e12      0x1c4 Drivers/STM32F3xx_HAL_Driver/Src/stm32f3xx_hal_tim.o
                0x0000000008002e12                HAL_TIM_ConfigClockSource
 .text.HAL_TIM_PeriodElapsedCallback
                0x0000000008002fd6       0x14 Drivers/STM32F3xx_HAL_Driver/Src/stm32f3xx_hal_tim.o
                0x0000000008002fd6                HAL_TIM_PeriodElapsedCallback
 .text.HAL_TIM_OC_DelayElapsedCallback
                0x0000000008002fea       0x14 Drivers/STM32F3xx_HAL_Driver/Src/stm32f3xx_hal_tim.o
                0x0000000008002fea                HAL_TIM_OC_DelayElapsedCallback
 .text.HAL_TIM_IC_CaptureCallback
                0x0000000008002ffe       0x14 Drivers/STM32F3xx_HAL_Driver/Src/stm32f3xx_hal_tim.o
                0x0000000008002ffe                HAL_TIM_IC_CaptureCallback
 .text.HAL_TIM_PWM_PulseFinishedCallback
                0x0000000008003012       0x14 Drivers/STM32F3xx_HAL_Driver/Src/stm32f3xx_hal_tim.o
                0x0000000008003012                HAL_TIM_PWM_PulseFinishedCallback
 .text.HAL_TIM_TriggerCallback
                0x0000000008003026       0x14 Drivers/STM32F3xx_HAL_Driver/Src/stm32f3xx_hal_tim.o
                0x0000000008003026                HAL_TIM_TriggerCallback
 *fill*         0x000000000800303a        0x2 
 .text.TIM_Base_SetConfig
                0x000000000800303c       0xf4 Drivers/STM32F3xx_HAL_Driver/Src/stm32f3xx_hal_tim.o
                0x000000000800303c                TIM_Base_SetConfig
 .text.TIM_TI1_ConfigInputStage
                0x0000000008003130       0x66 Drivers/STM32F3xx_HAL_Driver/Src/stm32f3xx_hal_tim.o
 .text.TIM_TI2_ConfigInputStage
                0x0000000008003196       0x68 Drivers/STM32F3xx_HAL_Driver/Src/stm32f3xx_hal_tim.o
 .text.TIM_ITRx_SetConfig
                0x00000000080031fe       0x40 Drivers/STM32F3xx_HAL_Driver/Src/stm32f3xx_hal_tim.o
 .text.TIM_ETR_SetConfig
                0x000000000800323e       0x44 Drivers/STM32F3xx_HAL_Driver/Src/stm32f3xx_hal_tim.o
                0x000000000800323e                TIM_ETR_SetConfig
 *fill*         0x0000000008003282        0x2 
 .text.HAL_TIMEx_MasterConfigSynchronization
                0x0000000008003284       0x9c Drivers/STM32F3xx_HAL_Driver/Src/stm32f3xx_hal_tim_ex.o
                0x0000000008003284                HAL_TIMEx_MasterConfigSynchronization
 .text.HAL_TIMEx_CommutationCallback
                0x0000000008003320       0x14 Drivers/STM32F3xx_HAL_Driver/Src/stm32f3xx_hal_tim_ex.o
                0x0000000008003320                HAL_TIMEx_CommutationCallback
 .text.HAL_TIMEx_BreakCallback
                0x0000000008003334       0x14 Drivers/STM32F3xx_HAL_Driver/Src/stm32f3xx_hal_tim_ex.o
                0x0000000008003334                HAL_TIMEx_BreakCallback
 .text.HAL_TIMEx_Break2Callback
                0x0000000008003348       0x14 Drivers/STM32F3xx_HAL_Driver/Src/stm32f3xx_hal_tim_ex.o
                0x0000000008003348                HAL_TIMEx_Break2Callback
 .text.update_crc
                0x000000000800335c       0x5c Src/jeti_uart.o
                0x000000000800335c                update_crc
 .text.crc8     0x00000000080033b8       0x44 Src/jeti_uart.o
                0x00000000080033b8                crc8
 .text.has_odd_parity
                0x00000000080033fc       0x56 Src/jeti_uart.o
                0x00000000080033fc                has_odd_parity
 .text.generate_seq
                0x0000000008003452      0x112 Src/jeti_uart.o
                0x0000000008003452                generate_seq
 .text.send_jeti_data
                0x0000000008003564       0xc8 Src/jeti_uart.o
                0x0000000008003564                send_jeti_data
 .text.send_jeti_text
                0x000000000800362c       0xc8 Src/jeti_uart.o
                0x000000000800362c                send_jeti_text
 .text.esemble_seq_data
                0x00000000080036f4      0x122 Src/jeti_uart.o
                0x00000000080036f4                esemble_seq_data
 .text.esemble_seq_text
                0x0000000008003816       0xfc Src/jeti_uart.o
                0x0000000008003816                esemble_seq_text
 *fill*         0x0000000008003912        0x2 
 .text.init_jeti_msgs
                0x0000000008003914      0x104 Src/jeti_uart.o
                0x0000000008003914                init_jeti_msgs
 .text.set_send_msg
                0x0000000008003a18       0x8c Src/jeti_uart.o
                0x0000000008003a18                set_send_msg
 .text.main     0x0000000008003aa4      0x12c Src/main.o
                0x0000000008003aa4                main
 .text.SystemClock_Config
                0x0000000008003bd0       0xbc Src/main.o
                0x0000000008003bd0                SystemClock_Config
 .text.MX_ADC1_Init
                0x0000000008003c8c       0xd4 Src/main.o
 .text.MX_CAN_Init
                0x0000000008003d60       0x74 Src/main.o
 .text.MX_SPI1_Init
                0x0000000008003dd4       0x84 Src/main.o
 .text.MX_TIM3_Init
                0x0000000008003e58       0x9c Src/main.o
 .text.MX_TIM6_Init
                0x0000000008003ef4       0x74 Src/main.o
 .text.MX_TIM7_Init
                0x0000000008003f68       0x74 Src/main.o
 .text.MX_TIM16_Init
                0x0000000008003fdc       0x54 Src/main.o
 .text.MX_TIM17_Init
                0x0000000008004030       0x58 Src/main.o
 .text.MX_GPIO_Init
                0x0000000008004088      0x14c Src/main.o
 .text._Error_Handler
                0x00000000080041d4        0xc Src/main.o
                0x00000000080041d4                _Error_Handler
 .text.HAL_MspInit
                0x00000000080041e0       0x84 Src/stm32f3xx_hal_msp.o
                0x00000000080041e0                HAL_MspInit
 .text.HAL_ADC_MspInit
                0x0000000008004264       0x50 Src/stm32f3xx_hal_msp.o
                0x0000000008004264                HAL_ADC_MspInit
 .text.HAL_CAN_MspInit
                0x00000000080042b4       0x60 Src/stm32f3xx_hal_msp.o
                0x00000000080042b4                HAL_CAN_MspInit
 .text.HAL_SPI_MspInit
                0x0000000008004314       0x5c Src/stm32f3xx_hal_msp.o
                0x0000000008004314                HAL_SPI_MspInit
 .text.HAL_TIM_Base_MspInit
                0x0000000008004370      0x12c Src/stm32f3xx_hal_msp.o
                0x0000000008004370                HAL_TIM_Base_MspInit
 .text.NMI_Handler
                0x000000000800449c        0xe Src/stm32f3xx_it.o
                0x000000000800449c                NMI_Handler
 .text.HardFault_Handler
                0x00000000080044aa        0x6 Src/stm32f3xx_it.o
                0x00000000080044aa                HardFault_Handler
 .text.MemManage_Handler
                0x00000000080044b0        0x6 Src/stm32f3xx_it.o
                0x00000000080044b0                MemManage_Handler
 .text.BusFault_Handler
                0x00000000080044b6        0x6 Src/stm32f3xx_it.o
                0x00000000080044b6                BusFault_Handler
 .text.UsageFault_Handler
                0x00000000080044bc        0x6 Src/stm32f3xx_it.o
                0x00000000080044bc                UsageFault_Handler
 .text.SVC_Handler
                0x00000000080044c2        0xe Src/stm32f3xx_it.o
                0x00000000080044c2                SVC_Handler
 .text.DebugMon_Handler
                0x00000000080044d0        0xe Src/stm32f3xx_it.o
                0x00000000080044d0                DebugMon_Handler
 .text.PendSV_Handler
                0x00000000080044de        0xe Src/stm32f3xx_it.o
                0x00000000080044de                PendSV_Handler
 .text.SysTick_Handler
                0x00000000080044ec       0x10 Src/stm32f3xx_it.o
                0x00000000080044ec                SysTick_Handler
 .text.EXTI9_5_IRQHandler
                0x00000000080044fc       0xf4 Src/stm32f3xx_it.o
                0x00000000080044fc                EXTI9_5_IRQHandler
 .text.TIM1_UP_TIM16_IRQHandler
                0x00000000080045f0       0x20 Src/stm32f3xx_it.o
                0x00000000080045f0                TIM1_UP_TIM16_IRQHandler
 .text.TIM1_TRG_COM_TIM17_IRQHandler
                0x0000000008004610       0x20 Src/stm32f3xx_it.o
                0x0000000008004610                TIM1_TRG_COM_TIM17_IRQHandler
 .text.TIM3_IRQHandler
                0x0000000008004630      0x188 Src/stm32f3xx_it.o
                0x0000000008004630                TIM3_IRQHandler
 .text.TIM6_DAC1_IRQHandler
                0x00000000080047b8       0x1c Src/stm32f3xx_it.o
                0x00000000080047b8                TIM6_DAC1_IRQHandler
 .text.TIM7_DAC2_IRQHandler
                0x00000000080047d4       0x1c Src/stm32f3xx_it.o
                0x00000000080047d4                TIM7_DAC2_IRQHandler
 .text.SystemInit
                0x00000000080047f0       0x94 Src/system_stm32f3xx.o
                0x00000000080047f0                SystemInit
 .text.Reset_Handler
                0x0000000008004884       0x50 startup/startup_stm32f303x8.o
                0x0000000008004884                Reset_Handler
 .text.Default_Handler
                0x00000000080048d4        0x2 startup/startup_stm32f303x8.o
                0x00000000080048d4                RTC_Alarm_IRQHandler
                0x00000000080048d4                TIM1_CC_IRQHandler
                0x00000000080048d4                PVD_IRQHandler
                0x00000000080048d4                TAMP_STAMP_IRQHandler
                0x00000000080048d4                EXTI3_IRQHandler
                0x00000000080048d4                EXTI0_IRQHandler
                0x00000000080048d4                FPU_IRQHandler
                0x00000000080048d4                CAN_TX_IRQHandler
                0x00000000080048d4                ADC1_2_IRQHandler
                0x00000000080048d4                SPI1_IRQHandler
                0x00000000080048d4                CAN_SCE_IRQHandler
                0x00000000080048d4                DMA1_Channel4_IRQHandler
                0x00000000080048d4                USART3_IRQHandler
                0x00000000080048d4                DMA1_Channel7_IRQHandler
                0x00000000080048d4                CAN_RX1_IRQHandler
                0x00000000080048d4                I2C1_EV_IRQHandler
                0x00000000080048d4                DMA1_Channel6_IRQHandler
                0x00000000080048d4                RCC_IRQHandler
                0x00000000080048d4                DMA1_Channel1_IRQHandler
                0x00000000080048d4                Default_Handler
                0x00000000080048d4                EXTI15_10_IRQHandler
                0x00000000080048d4                COMP2_IRQHandler
                0x00000000080048d4                RTC_WKUP_IRQHandler
                0x00000000080048d4                DMA1_Channel5_IRQHandler
                0x00000000080048d4                EXTI4_IRQHandler
                0x00000000080048d4                DMA1_Channel3_IRQHandler
                0x00000000080048d4                WWDG_IRQHandler
                0x00000000080048d4                TIM2_IRQHandler
                0x00000000080048d4                EXTI1_IRQHandler
                0x00000000080048d4                COMP4_6_IRQHandler
                0x00000000080048d4                USART2_IRQHandler
                0x00000000080048d4                DMA1_Channel2_IRQHandler
                0x00000000080048d4                FLASH_IRQHandler
                0x00000000080048d4                USART1_IRQHandler
                0x00000000080048d4                CAN_RX0_IRQHandler
                0x00000000080048d4                I2C1_ER_IRQHandler
                0x00000000080048d4                EXTI2_TSC_IRQHandler
                0x00000000080048d4                TIM1_BRK_TIM15_IRQHandler
 *fill*         0x00000000080048d6        0x2 
 .text.__libc_init_array
                0x00000000080048d8       0x48 /home/stepan/Software/AC6/plugins/fr.ac6.mcu.externaltools.arm-none.linux64_1.15.0.201708311556/tools/compiler/bin/../lib/gcc/arm-none-eabi/6.3.1/../../../../arm-none-eabi/lib/thumb/v7e-m/fpv4-sp/hard/libc_nano.a(lib_a-init.o)
                0x00000000080048d8                __libc_init_array
 .text.memcpy   0x0000000008004920       0x16 /home/stepan/Software/AC6/plugins/fr.ac6.mcu.externaltools.arm-none.linux64_1.15.0.201708311556/tools/compiler/bin/../lib/gcc/arm-none-eabi/6.3.1/../../../../arm-none-eabi/lib/thumb/v7e-m/fpv4-sp/hard/libc_nano.a(lib_a-memcpy-stub.o)
                0x0000000008004920                memcpy
 .text.memset   0x0000000008004936       0x10 /home/stepan/Software/AC6/plugins/fr.ac6.mcu.externaltools.arm-none.linux64_1.15.0.201708311556/tools/compiler/bin/../lib/gcc/arm-none-eabi/6.3.1/../../../../arm-none-eabi/lib/thumb/v7e-m/fpv4-sp/hard/libc_nano.a(lib_a-memset.o)
                0x0000000008004936                memset
 *(.glue_7)
 .glue_7        0x0000000008004946        0x0 linker stubs
 *(.glue_7t)
 .glue_7t       0x0000000008004946        0x0 linker stubs
 *(.eh_frame)
 *fill*         0x0000000008004946        0x2 
 .eh_frame      0x0000000008004948        0x0 /home/stepan/Software/AC6/plugins/fr.ac6.mcu.externaltools.arm-none.linux64_1.15.0.201708311556/tools/compiler/bin/../lib/gcc/arm-none-eabi/6.3.1/thumb/v7e-m/fpv4-sp/hard/crtbegin.o
 *(.init)
 .init          0x0000000008004948        0x4 /home/stepan/Software/AC6/plugins/fr.ac6.mcu.externaltools.arm-none.linux64_1.15.0.201708311556/tools/compiler/bin/../lib/gcc/arm-none-eabi/6.3.1/thumb/v7e-m/fpv4-sp/hard/crti.o
                0x0000000008004948                _init
 .init          0x000000000800494c        0x8 /home/stepan/Software/AC6/plugins/fr.ac6.mcu.externaltools.arm-none.linux64_1.15.0.201708311556/tools/compiler/bin/../lib/gcc/arm-none-eabi/6.3.1/thumb/v7e-m/fpv4-sp/hard/crtn.o
 *(.fini)
 .fini          0x0000000008004954        0x4 /home/stepan/Software/AC6/plugins/fr.ac6.mcu.externaltools.arm-none.linux64_1.15.0.201708311556/tools/compiler/bin/../lib/gcc/arm-none-eabi/6.3.1/thumb/v7e-m/fpv4-sp/hard/crti.o
                0x0000000008004954                _fini
 .fini          0x0000000008004958        0x8 /home/stepan/Software/AC6/plugins/fr.ac6.mcu.externaltools.arm-none.linux64_1.15.0.201708311556/tools/compiler/bin/../lib/gcc/arm-none-eabi/6.3.1/thumb/v7e-m/fpv4-sp/hard/crtn.o
                0x0000000008004960                . = ALIGN (0x4)
                0x0000000008004960                _etext = .

.vfp11_veneer   0x0000000008004960        0x0
 .vfp11_veneer  0x0000000008004960        0x0 linker stubs

.v4_bx          0x0000000008004960        0x0
 .v4_bx         0x0000000008004960        0x0 linker stubs

.iplt           0x0000000008004960        0x0
 .iplt          0x0000000008004960        0x0 /home/stepan/Software/AC6/plugins/fr.ac6.mcu.externaltools.arm-none.linux64_1.15.0.201708311556/tools/compiler/bin/../lib/gcc/arm-none-eabi/6.3.1/thumb/v7e-m/fpv4-sp/hard/crtbegin.o

.rodata         0x0000000008004960       0x9c
                0x0000000008004960                . = ALIGN (0x4)
 *(.rodata)
 .rodata        0x0000000008004960       0x20 Drivers/STM32F3xx_HAL_Driver/Src/stm32f3xx_hal_rcc.o
                0x0000000008004960                aPLLMULFactorTable
                0x0000000008004970                aPredivFactorTable
 .rodata        0x0000000008004980       0x36 Src/jeti_uart.o
 *fill*         0x00000000080049b6        0x2 
 .rodata        0x00000000080049b8       0x2a Src/main.o
 *fill*         0x00000000080049e2        0x2 
 .rodata        0x00000000080049e4       0x18 Src/system_stm32f3xx.o
                0x00000000080049e4                AHBPrescTable
                0x00000000080049f4                APBPrescTable
 *(.rodata*)
                0x00000000080049fc                . = ALIGN (0x4)

.rel.dyn        0x00000000080049fc        0x0
 .rel.iplt      0x00000000080049fc        0x0 /home/stepan/Software/AC6/plugins/fr.ac6.mcu.externaltools.arm-none.linux64_1.15.0.201708311556/tools/compiler/bin/../lib/gcc/arm-none-eabi/6.3.1/thumb/v7e-m/fpv4-sp/hard/crtbegin.o

.ARM.extab
 *(.ARM.extab* .gnu.linkonce.armextab.*)

.ARM            0x00000000080049fc        0x0
                0x00000000080049fc                __exidx_start = .
 *(.ARM.exidx*)
                0x00000000080049fc                __exidx_end = .

.preinit_array  0x00000000080049fc        0x0
                0x00000000080049fc                PROVIDE (__preinit_array_start, .)
 *(.preinit_array*)
                0x00000000080049fc                PROVIDE (__preinit_array_end, .)

.init_array     0x00000000080049fc        0x4
                0x00000000080049fc                PROVIDE (__init_array_start, .)
 *(SORT(.init_array.*))
 *(.init_array*)
 .init_array    0x00000000080049fc        0x4 /home/stepan/Software/AC6/plugins/fr.ac6.mcu.externaltools.arm-none.linux64_1.15.0.201708311556/tools/compiler/bin/../lib/gcc/arm-none-eabi/6.3.1/thumb/v7e-m/fpv4-sp/hard/crtbegin.o
                0x0000000008004a00                PROVIDE (__init_array_end, .)

.fini_array     0x0000000008004a00        0x4
                [!provide]                        PROVIDE (__fini_array_start, .)
 *(SORT(.fini_array.*))
 *(.fini_array*)
 .fini_array    0x0000000008004a00        0x4 /home/stepan/Software/AC6/plugins/fr.ac6.mcu.externaltools.arm-none.linux64_1.15.0.201708311556/tools/compiler/bin/../lib/gcc/arm-none-eabi/6.3.1/thumb/v7e-m/fpv4-sp/hard/crtbegin.o
                [!provide]                        PROVIDE (__fini_array_end, .)
                0x0000000008004a04                _sidata = LOADADDR (.data)

.data           0x0000000020000000        0x8 load address 0x0000000008004a04
                0x0000000020000000                . = ALIGN (0x4)
                0x0000000020000000                _sdata = .
 *(.data)
 .data          0x0000000020000000        0x4 Src/stm32f3xx_it.o
 .data          0x0000000020000004        0x4 Src/system_stm32f3xx.o
                0x0000000020000004                SystemCoreClock
 *(.data*)
                0x0000000020000008                . = ALIGN (0x4)
                0x0000000020000008                _edata = .
                0x0000000008004a0c                _siccmram = LOADADDR (.ccmram)

.jcr            0x0000000020000008        0x0 load address 0x0000000008004a0c
 .jcr           0x0000000020000008        0x0 /home/stepan/Software/AC6/plugins/fr.ac6.mcu.externaltools.arm-none.linux64_1.15.0.201708311556/tools/compiler/bin/../lib/gcc/arm-none-eabi/6.3.1/thumb/v7e-m/fpv4-sp/hard/crtbegin.o

.igot.plt       0x0000000020000008        0x0 load address 0x0000000008004a0c
 .igot.plt      0x0000000020000008        0x0 /home/stepan/Software/AC6/plugins/fr.ac6.mcu.externaltools.arm-none.linux64_1.15.0.201708311556/tools/compiler/bin/../lib/gcc/arm-none-eabi/6.3.1/thumb/v7e-m/fpv4-sp/hard/crtbegin.o

.ccmram         0x0000000010000000        0x0 load address 0x0000000008004a0c
                0x0000000010000000                . = ALIGN (0x4)
                0x0000000010000000                _sccmram = .
 *(.ccmram)
 *(.ccmram*)
                0x0000000010000000                . = ALIGN (0x4)
                0x0000000010000000                _eccmram = .
                0x0000000010000000                . = ALIGN (0x4)

.bss            0x0000000020000008     0x2640
                0x0000000020000008                _sbss = .
                0x0000000020000008                __bss_start__ = _sbss
 *(.bss)
 .bss           0x0000000020000008       0x1c /home/stepan/Software/AC6/plugins/fr.ac6.mcu.externaltools.arm-none.linux64_1.15.0.201708311556/tools/compiler/bin/../lib/gcc/arm-none-eabi/6.3.1/thumb/v7e-m/fpv4-sp/hard/crtbegin.o
 .bss           0x0000000020000024       0x20 Src/jeti_uart.o
                0x0000000020000024                jeti_uart_count
                0x0000000020000026                jeti_uart_start
                0x0000000020000028                p_stack_low
                0x000000002000002a                p_stack_high
 .bss           0x0000000020000044       0x14 Src/main.o
                0x0000000020000044                timetick_ms
                0x0000000020000048                pwm1_relevant
                0x000000002000004c                pwm1_interval_us
                0x0000000020000050                pwm2_relevant
                0x0000000020000054                pwm2_interval_us
 .bss           0x0000000020000058       0x11 Src/stm32f3xx_it.o
                0x0000000020000058                pwm1_counting
                0x0000000020000059                pwm2_counting
 *(.bss*)
 *(COMMON)
 *fill*         0x0000000020000069        0x3 
 COMMON         0x000000002000006c        0x4 Drivers/STM32F3xx_HAL_Driver/Src/stm32f3xx_hal.o
                0x000000002000006c                uwTick
 COMMON         0x0000000020000070     0x239c Src/jeti_uart.o
                0x0000000020000070                stack_lenght
                0x00000000200000b0                ex_text1
                0x0000000020000108                ex_data
                0x000000002000015c                ex_text_plain
                0x00000000200001b4                stack_seq
                0x00000000200023b4                ex_text3
 COMMON         0x000000002000240c      0x23c Src/main.o
                0x000000002000240c                htim17
                0x000000002000244c                hcan
                0x0000000020002490                htim3
                0x00000000200024d0                hadc1
                0x0000000020002524                htim6
                0x0000000020002564                hspi1
                0x00000000200025c8                htim16
                0x0000000020002608                htim7
                0x0000000020002648                . = ALIGN (0x4)
                0x0000000020002648                _ebss = .
                0x0000000020002648                __bss_end__ = _ebss

._user_heap_stack
                0x0000000020002648      0x500
                0x0000000020002648                . = ALIGN (0x8)
                [!provide]                        PROVIDE (end, .)
                [!provide]                        PROVIDE (_end, .)
                0x0000000020002748                . = (. + _Min_Heap_Size)
 *fill*         0x0000000020002648      0x100 
                0x0000000020002b48                . = (. + _Min_Stack_Size)
 *fill*         0x0000000020002748      0x400 
                0x0000000020002b48                . = ALIGN (0x8)

/DISCARD/
 libc.a(*)
 libm.a(*)
 libgcc.a(*)

.ARM.attributes
                0x0000000000000000       0x30
 *(.ARM.attributes)
 .ARM.attributes
                0x0000000000000000       0x22 /home/stepan/Software/AC6/plugins/fr.ac6.mcu.externaltools.arm-none.linux64_1.15.0.201708311556/tools/compiler/bin/../lib/gcc/arm-none-eabi/6.3.1/thumb/v7e-m/fpv4-sp/hard/crti.o
 .ARM.attributes
                0x0000000000000022       0x34 /home/stepan/Software/AC6/plugins/fr.ac6.mcu.externaltools.arm-none.linux64_1.15.0.201708311556/tools/compiler/bin/../lib/gcc/arm-none-eabi/6.3.1/thumb/v7e-m/fpv4-sp/hard/crtbegin.o
 .ARM.attributes
                0x0000000000000056       0x39 Drivers/STM32F3xx_HAL_Driver/Src/stm32f3xx_hal.o
 .ARM.attributes
                0x000000000000008f       0x39 Drivers/STM32F3xx_HAL_Driver/Src/stm32f3xx_hal_adc_ex.o
 .ARM.attributes
                0x00000000000000c8       0x39 Drivers/STM32F3xx_HAL_Driver/Src/stm32f3xx_hal_can.o
 .ARM.attributes
                0x0000000000000101       0x39 Drivers/STM32F3xx_HAL_Driver/Src/stm32f3xx_hal_cortex.o
 .ARM.attributes
                0x000000000000013a       0x39 Drivers/STM32F3xx_HAL_Driver/Src/stm32f3xx_hal_gpio.o
 .ARM.attributes
                0x0000000000000173       0x39 Drivers/STM32F3xx_HAL_Driver/Src/stm32f3xx_hal_rcc.o
 .ARM.attributes
                0x00000000000001ac       0x39 Drivers/STM32F3xx_HAL_Driver/Src/stm32f3xx_hal_rcc_ex.o
 .ARM.attributes
                0x00000000000001e5       0x39 Drivers/STM32F3xx_HAL_Driver/Src/stm32f3xx_hal_spi.o
 .ARM.attributes
                0x000000000000021e       0x39 Drivers/STM32F3xx_HAL_Driver/Src/stm32f3xx_hal_tim.o
 .ARM.attributes
                0x0000000000000257       0x39 Drivers/STM32F3xx_HAL_Driver/Src/stm32f3xx_hal_tim_ex.o
 .ARM.attributes
                0x0000000000000290       0x39 Src/jeti_uart.o
 .ARM.attributes
                0x00000000000002c9       0x39 Src/main.o
 .ARM.attributes
                0x0000000000000302       0x39 Src/stm32f3xx_hal_msp.o
 .ARM.attributes
                0x000000000000033b       0x39 Src/stm32f3xx_it.o
 .ARM.attributes
                0x0000000000000374       0x39 Src/system_stm32f3xx.o
 .ARM.attributes
                0x00000000000003ad       0x21 startup/startup_stm32f303x8.o
 .ARM.attributes
                0x00000000000003ce       0x34 /home/stepan/Software/AC6/plugins/fr.ac6.mcu.externaltools.arm-none.linux64_1.15.0.201708311556/tools/compiler/bin/../lib/gcc/arm-none-eabi/6.3.1/../../../../arm-none-eabi/lib/thumb/v7e-m/fpv4-sp/hard/libc_nano.a(lib_a-init.o)
 .ARM.attributes
                0x0000000000000402       0x34 /home/stepan/Software/AC6/plugins/fr.ac6.mcu.externaltools.arm-none.linux64_1.15.0.201708311556/tools/compiler/bin/../lib/gcc/arm-none-eabi/6.3.1/../../../../arm-none-eabi/lib/thumb/v7e-m/fpv4-sp/hard/libc_nano.a(lib_a-memcpy-stub.o)
 .ARM.attributes
                0x0000000000000436       0x34 /home/stepan/Software/AC6/plugins/fr.ac6.mcu.externaltools.arm-none.linux64_1.15.0.201708311556/tools/compiler/bin/../lib/gcc/arm-none-eabi/6.3.1/../../../../arm-none-eabi/lib/thumb/v7e-m/fpv4-sp/hard/libc_nano.a(lib_a-memset.o)
 .ARM.attributes
                0x000000000000046a       0x1b /home/stepan/Software/AC6/plugins/fr.ac6.mcu.externaltools.arm-none.linux64_1.15.0.201708311556/tools/compiler/bin/../lib/gcc/arm-none-eabi/6.3.1/../../../../arm-none-eabi/lib/thumb/v7e-m/fpv4-sp/hard/libc_nano.a(lib_a-strlen.o)
 .ARM.attributes
                0x0000000000000485       0x22 /home/stepan/Software/AC6/plugins/fr.ac6.mcu.externaltools.arm-none.linux64_1.15.0.201708311556/tools/compiler/bin/../lib/gcc/arm-none-eabi/6.3.1/thumb/v7e-m/fpv4-sp/hard/crtn.o
OUTPUT(Padak.elf elf32-littlearm)

.debug_info     0x0000000000000000    0x16162
 .debug_info    0x0000000000000000      0xea0 Drivers/STM32F3xx_HAL_Driver/Src/stm32f3xx_hal.o
 .debug_info    0x0000000000000ea0     0x1d36 Drivers/STM32F3xx_HAL_Driver/Src/stm32f3xx_hal_adc_ex.o
 .debug_info    0x0000000000002bd6     0x131d Drivers/STM32F3xx_HAL_Driver/Src/stm32f3xx_hal_can.o
 .debug_info    0x0000000000003ef3     0x131a Drivers/STM32F3xx_HAL_Driver/Src/stm32f3xx_hal_cortex.o
 .debug_info    0x000000000000520d      0xf9e Drivers/STM32F3xx_HAL_Driver/Src/stm32f3xx_hal_gpio.o
 .debug_info    0x00000000000061ab     0x1f7a Drivers/STM32F3xx_HAL_Driver/Src/stm32f3xx_hal_rcc.o
 .debug_info    0x0000000000008125      0xde3 Drivers/STM32F3xx_HAL_Driver/Src/stm32f3xx_hal_rcc_ex.o
 .debug_info    0x0000000000008f08     0x1da5 Drivers/STM32F3xx_HAL_Driver/Src/stm32f3xx_hal_spi.o
 .debug_info    0x000000000000acad     0x2ae1 Drivers/STM32F3xx_HAL_Driver/Src/stm32f3xx_hal_tim.o
 .debug_info    0x000000000000d78e     0x1ab1 Drivers/STM32F3xx_HAL_Driver/Src/stm32f3xx_hal_tim_ex.o
 .debug_info    0x000000000000f23f      0xfd2 Src/jeti_uart.o
 .debug_info    0x0000000000010211     0x22b6 Src/main.o
 .debug_info    0x00000000000124c7     0x1db1 Src/stm32f3xx_hal_msp.o
 .debug_info    0x0000000000014278     0x1228 Src/stm32f3xx_it.o
 .debug_info    0x00000000000154a0      0xc30 Src/system_stm32f3xx.o
 .debug_info    0x00000000000160d0       0x92 startup/startup_stm32f303x8.o

.debug_abbrev   0x0000000000000000     0x29b9
 .debug_abbrev  0x0000000000000000      0x2a1 Drivers/STM32F3xx_HAL_Driver/Src/stm32f3xx_hal.o
 .debug_abbrev  0x00000000000002a1      0x2bd Drivers/STM32F3xx_HAL_Driver/Src/stm32f3xx_hal_adc_ex.o
 .debug_abbrev  0x000000000000055e      0x2b2 Drivers/STM32F3xx_HAL_Driver/Src/stm32f3xx_hal_can.o
 .debug_abbrev  0x0000000000000810      0x360 Drivers/STM32F3xx_HAL_Driver/Src/stm32f3xx_hal_cortex.o
 .debug_abbrev  0x0000000000000b70      0x287 Drivers/STM32F3xx_HAL_Driver/Src/stm32f3xx_hal_gpio.o
 .debug_abbrev  0x0000000000000df7      0x337 Drivers/STM32F3xx_HAL_Driver/Src/stm32f3xx_hal_rcc.o
 .debug_abbrev  0x000000000000112e      0x2f1 Drivers/STM32F3xx_HAL_Driver/Src/stm32f3xx_hal_rcc_ex.o
 .debug_abbrev  0x000000000000141f      0x2cf Drivers/STM32F3xx_HAL_Driver/Src/stm32f3xx_hal_spi.o
 .debug_abbrev  0x00000000000016ee      0x2e6 Drivers/STM32F3xx_HAL_Driver/Src/stm32f3xx_hal_tim.o
 .debug_abbrev  0x00000000000019d4      0x2c3 Drivers/STM32F3xx_HAL_Driver/Src/stm32f3xx_hal_tim_ex.o
 .debug_abbrev  0x0000000000001c97      0x2fc Src/jeti_uart.o
 .debug_abbrev  0x0000000000001f93      0x316 Src/main.o
 .debug_abbrev  0x00000000000022a9      0x290 Src/stm32f3xx_hal_msp.o
 .debug_abbrev  0x0000000000002539      0x269 Src/stm32f3xx_it.o
 .debug_abbrev  0x00000000000027a2      0x205 Src/system_stm32f3xx.o
 .debug_abbrev  0x00000000000029a7       0x12 startup/startup_stm32f303x8.o

.debug_aranges  0x0000000000000000      0xdf0
 .debug_aranges
                0x0000000000000000       0xc8 Drivers/STM32F3xx_HAL_Driver/Src/stm32f3xx_hal.o
 .debug_aranges
                0x00000000000000c8      0x168 Drivers/STM32F3xx_HAL_Driver/Src/stm32f3xx_hal_adc_ex.o
 .debug_aranges
                0x0000000000000230       0xb0 Drivers/STM32F3xx_HAL_Driver/Src/stm32f3xx_hal_can.o
 .debug_aranges
                0x00000000000002e0      0x100 Drivers/STM32F3xx_HAL_Driver/Src/stm32f3xx_hal_cortex.o
 .debug_aranges
                0x00000000000003e0       0x58 Drivers/STM32F3xx_HAL_Driver/Src/stm32f3xx_hal_gpio.o
 .debug_aranges
                0x0000000000000438       0x88 Drivers/STM32F3xx_HAL_Driver/Src/stm32f3xx_hal_rcc.o
 .debug_aranges
                0x00000000000004c0       0x38 Drivers/STM32F3xx_HAL_Driver/Src/stm32f3xx_hal_rcc_ex.o
 .debug_aranges
                0x00000000000004f8      0x1d8 Drivers/STM32F3xx_HAL_Driver/Src/stm32f3xx_hal_spi.o
 .debug_aranges
                0x00000000000006d0      0x378 Drivers/STM32F3xx_HAL_Driver/Src/stm32f3xx_hal_tim.o
 .debug_aranges
                0x0000000000000a48      0x178 Drivers/STM32F3xx_HAL_Driver/Src/stm32f3xx_hal_tim_ex.o
 .debug_aranges
                0x0000000000000bc0       0x70 Src/jeti_uart.o
 .debug_aranges
                0x0000000000000c30       0x80 Src/main.o
 .debug_aranges
                0x0000000000000cb0       0x60 Src/stm32f3xx_hal_msp.o
 .debug_aranges
                0x0000000000000d10       0x90 Src/stm32f3xx_it.o
 .debug_aranges
                0x0000000000000da0       0x28 Src/system_stm32f3xx.o
 .debug_aranges
                0x0000000000000dc8       0x28 startup/startup_stm32f303x8.o

.debug_ranges   0x0000000000000000      0xcf8
 .debug_ranges  0x0000000000000000       0xb8 Drivers/STM32F3xx_HAL_Driver/Src/stm32f3xx_hal.o
 .debug_ranges  0x00000000000000b8      0x158 Drivers/STM32F3xx_HAL_Driver/Src/stm32f3xx_hal_adc_ex.o
 .debug_ranges  0x0000000000000210       0xa0 Drivers/STM32F3xx_HAL_Driver/Src/stm32f3xx_hal_can.o
 .debug_ranges  0x00000000000002b0       0xf0 Drivers/STM32F3xx_HAL_Driver/Src/stm32f3xx_hal_cortex.o
 .debug_ranges  0x00000000000003a0       0x48 Drivers/STM32F3xx_HAL_Driver/Src/stm32f3xx_hal_gpio.o
 .debug_ranges  0x00000000000003e8       0x78 Drivers/STM32F3xx_HAL_Driver/Src/stm32f3xx_hal_rcc.o
 .debug_ranges  0x0000000000000460       0x28 Drivers/STM32F3xx_HAL_Driver/Src/stm32f3xx_hal_rcc_ex.o
 .debug_ranges  0x0000000000000488      0x1c8 Drivers/STM32F3xx_HAL_Driver/Src/stm32f3xx_hal_spi.o
 .debug_ranges  0x0000000000000650      0x368 Drivers/STM32F3xx_HAL_Driver/Src/stm32f3xx_hal_tim.o
 .debug_ranges  0x00000000000009b8      0x168 Drivers/STM32F3xx_HAL_Driver/Src/stm32f3xx_hal_tim_ex.o
 .debug_ranges  0x0000000000000b20       0x60 Src/jeti_uart.o
 .debug_ranges  0x0000000000000b80       0x70 Src/main.o
 .debug_ranges  0x0000000000000bf0       0x50 Src/stm32f3xx_hal_msp.o
 .debug_ranges  0x0000000000000c40       0x80 Src/stm32f3xx_it.o
 .debug_ranges  0x0000000000000cc0       0x18 Src/system_stm32f3xx.o
 .debug_ranges  0x0000000000000cd8       0x20 startup/startup_stm32f303x8.o

.debug_macro    0x0000000000000000    0x19a87
 .debug_macro   0x0000000000000000      0x35c Drivers/STM32F3xx_HAL_Driver/Src/stm32f3xx_hal.o
 .debug_macro   0x000000000000035c      0x8bc Drivers/STM32F3xx_HAL_Driver/Src/stm32f3xx_hal.o
 .debug_macro   0x0000000000000c18       0xd0 Drivers/STM32F3xx_HAL_Driver/Src/stm32f3xx_hal.o
 .debug_macro   0x0000000000000ce8       0xb1 Drivers/STM32F3xx_HAL_Driver/Src/stm32f3xx_hal.o
 .debug_macro   0x0000000000000d99       0x2f Drivers/STM32F3xx_HAL_Driver/Src/stm32f3xx_hal.o
 .debug_macro   0x0000000000000dc8       0x28 Drivers/STM32F3xx_HAL_Driver/Src/stm32f3xx_hal.o
 .debug_macro   0x0000000000000df0       0x22 Drivers/STM32F3xx_HAL_Driver/Src/stm32f3xx_hal.o
 .debug_macro   0x0000000000000e12       0x87 Drivers/STM32F3xx_HAL_Driver/Src/stm32f3xx_hal.o
 .debug_macro   0x0000000000000e99       0x51 Drivers/STM32F3xx_HAL_Driver/Src/stm32f3xx_hal.o
 .debug_macro   0x0000000000000eea       0xef Drivers/STM32F3xx_HAL_Driver/Src/stm32f3xx_hal.o
 .debug_macro   0x0000000000000fd9       0x6a Drivers/STM32F3xx_HAL_Driver/Src/stm32f3xx_hal.o
 .debug_macro   0x0000000000001043      0x1df Drivers/STM32F3xx_HAL_Driver/Src/stm32f3xx_hal.o
 .debug_macro   0x0000000000001222       0x35 Drivers/STM32F3xx_HAL_Driver/Src/stm32f3xx_hal.o
 .debug_macro   0x0000000000001257       0x50 Drivers/STM32F3xx_HAL_Driver/Src/stm32f3xx_hal.o
 .debug_macro   0x00000000000012a7      0xd40 Drivers/STM32F3xx_HAL_Driver/Src/stm32f3xx_hal.o
 .debug_macro   0x0000000000001fe7    0x10bfc Drivers/STM32F3xx_HAL_Driver/Src/stm32f3xx_hal.o
 .debug_macro   0x0000000000012be3       0x43 Drivers/STM32F3xx_HAL_Driver/Src/stm32f3xx_hal.o
 .debug_macro   0x0000000000012c26       0x58 Drivers/STM32F3xx_HAL_Driver/Src/stm32f3xx_hal.o
 .debug_macro   0x0000000000012c7e       0x35 Drivers/STM32F3xx_HAL_Driver/Src/stm32f3xx_hal.o
 .debug_macro   0x0000000000012cb3       0x9c Drivers/STM32F3xx_HAL_Driver/Src/stm32f3xx_hal.o
 .debug_macro   0x0000000000012d4f       0x16 Drivers/STM32F3xx_HAL_Driver/Src/stm32f3xx_hal.o
 .debug_macro   0x0000000000012d65       0x97 Drivers/STM32F3xx_HAL_Driver/Src/stm32f3xx_hal.o
 .debug_macro   0x0000000000012dfc      0x330 Drivers/STM32F3xx_HAL_Driver/Src/stm32f3xx_hal.o
 .debug_macro   0x000000000001312c       0xfd Drivers/STM32F3xx_HAL_Driver/Src/stm32f3xx_hal.o
 .debug_macro   0x0000000000013229       0x10 Drivers/STM32F3xx_HAL_Driver/Src/stm32f3xx_hal.o
 .debug_macro   0x0000000000013239       0x58 Drivers/STM32F3xx_HAL_Driver/Src/stm32f3xx_hal.o
 .debug_macro   0x0000000000013291       0x1f Drivers/STM32F3xx_HAL_Driver/Src/stm32f3xx_hal.o
 .debug_macro   0x00000000000132b0       0x43 Drivers/STM32F3xx_HAL_Driver/Src/stm32f3xx_hal.o
 .debug_macro   0x00000000000132f3       0x20 Drivers/STM32F3xx_HAL_Driver/Src/stm32f3xx_hal.o
 .debug_macro   0x0000000000013313      0x187 Drivers/STM32F3xx_HAL_Driver/Src/stm32f3xx_hal.o
 .debug_macro   0x000000000001349a       0x10 Drivers/STM32F3xx_HAL_Driver/Src/stm32f3xx_hal.o
 .debug_macro   0x00000000000134aa       0x1c Drivers/STM32F3xx_HAL_Driver/Src/stm32f3xx_hal.o
 .debug_macro   0x00000000000134c6       0x52 Drivers/STM32F3xx_HAL_Driver/Src/stm32f3xx_hal.o
 .debug_macro   0x0000000000013518       0x40 Drivers/STM32F3xx_HAL_Driver/Src/stm32f3xx_hal.o
 .debug_macro   0x0000000000013558       0x10 Drivers/STM32F3xx_HAL_Driver/Src/stm32f3xx_hal.o
 .debug_macro   0x0000000000013568       0x40 Drivers/STM32F3xx_HAL_Driver/Src/stm32f3xx_hal.o
 .debug_macro   0x00000000000135a8       0xd7 Drivers/STM32F3xx_HAL_Driver/Src/stm32f3xx_hal.o
 .debug_macro   0x000000000001367f       0x16 Drivers/STM32F3xx_HAL_Driver/Src/stm32f3xx_hal.o
 .debug_macro   0x0000000000013695      0x18b Drivers/STM32F3xx_HAL_Driver/Src/stm32f3xx_hal.o
 .debug_macro   0x0000000000013820       0x49 Drivers/STM32F3xx_HAL_Driver/Src/stm32f3xx_hal.o
 .debug_macro   0x0000000000013869      0x8ff Drivers/STM32F3xx_HAL_Driver/Src/stm32f3xx_hal.o
 .debug_macro   0x0000000000014168      0x304 Drivers/STM32F3xx_HAL_Driver/Src/stm32f3xx_hal.o
 .debug_macro   0x000000000001446c      0x13a Drivers/STM32F3xx_HAL_Driver/Src/stm32f3xx_hal.o
 .debug_macro   0x00000000000145a6      0x11b Drivers/STM32F3xx_HAL_Driver/Src/stm32f3xx_hal.o
 .debug_macro   0x00000000000146c1      0x1bc Drivers/STM32F3xx_HAL_Driver/Src/stm32f3xx_hal.o
 .debug_macro   0x000000000001487d       0x34 Drivers/STM32F3xx_HAL_Driver/Src/stm32f3xx_hal.o
 .debug_macro   0x00000000000148b1       0x3c Drivers/STM32F3xx_HAL_Driver/Src/stm32f3xx_hal.o
 .debug_macro   0x00000000000148ed       0x57 Drivers/STM32F3xx_HAL_Driver/Src/stm32f3xx_hal.o
 .debug_macro   0x0000000000014944      0x884 Drivers/STM32F3xx_HAL_Driver/Src/stm32f3xx_hal.o
 .debug_macro   0x00000000000151c8       0x77 Drivers/STM32F3xx_HAL_Driver/Src/stm32f3xx_hal.o
 .debug_macro   0x000000000001523f      0x391 Drivers/STM32F3xx_HAL_Driver/Src/stm32f3xx_hal.o
 .debug_macro   0x00000000000155d0       0xcb Drivers/STM32F3xx_HAL_Driver/Src/stm32f3xx_hal.o
 .debug_macro   0x000000000001569b      0x1a0 Drivers/STM32F3xx_HAL_Driver/Src/stm32f3xx_hal.o
 .debug_macro   0x000000000001583b      0x202 Drivers/STM32F3xx_HAL_Driver/Src/stm32f3xx_hal.o
 .debug_macro   0x0000000000015a3d       0x5b Drivers/STM32F3xx_HAL_Driver/Src/stm32f3xx_hal.o
 .debug_macro   0x0000000000015a98       0x90 Drivers/STM32F3xx_HAL_Driver/Src/stm32f3xx_hal.o
 .debug_macro   0x0000000000015b28       0x82 Drivers/STM32F3xx_HAL_Driver/Src/stm32f3xx_hal.o
 .debug_macro   0x0000000000015baa       0xd3 Drivers/STM32F3xx_HAL_Driver/Src/stm32f3xx_hal.o
 .debug_macro   0x0000000000015c7d      0x2e9 Drivers/STM32F3xx_HAL_Driver/Src/stm32f3xx_hal.o
 .debug_macro   0x0000000000015f66      0x6af Drivers/STM32F3xx_HAL_Driver/Src/stm32f3xx_hal.o
 .debug_macro   0x0000000000016615      0x328 Drivers/STM32F3xx_HAL_Driver/Src/stm32f3xx_hal.o
 .debug_macro   0x000000000001693d      0x27c Drivers/STM32F3xx_HAL_Driver/Src/stm32f3xx_hal.o
 .debug_macro   0x0000000000016bb9      0x362 Drivers/STM32F3xx_HAL_Driver/Src/stm32f3xx_hal_adc_ex.o
 .debug_macro   0x0000000000016f1b      0x33f Drivers/STM32F3xx_HAL_Driver/Src/stm32f3xx_hal_can.o
 .debug_macro   0x000000000001725a      0x338 Drivers/STM32F3xx_HAL_Driver/Src/stm32f3xx_hal_cortex.o
 .debug_macro   0x0000000000017592      0x370 Drivers/STM32F3xx_HAL_Driver/Src/stm32f3xx_hal_gpio.o
 .debug_macro   0x0000000000017902      0x35c Drivers/STM32F3xx_HAL_Driver/Src/stm32f3xx_hal_rcc.o
 .debug_macro   0x0000000000017c5e      0x338 Drivers/STM32F3xx_HAL_Driver/Src/stm32f3xx_hal_rcc_ex.o
 .debug_macro   0x0000000000017f96      0x340 Drivers/STM32F3xx_HAL_Driver/Src/stm32f3xx_hal_spi.o
 .debug_macro   0x00000000000182d6      0x338 Drivers/STM32F3xx_HAL_Driver/Src/stm32f3xx_hal_tim.o
 .debug_macro   0x000000000001860e      0x344 Drivers/STM32F3xx_HAL_Driver/Src/stm32f3xx_hal_tim_ex.o
 .debug_macro   0x0000000000018952      0x372 Src/jeti_uart.o
 .debug_macro   0x0000000000018cc4       0x52 Src/jeti_uart.o
 .debug_macro   0x0000000000018d16       0x16 Src/jeti_uart.o
 .debug_macro   0x0000000000018d2c       0x35 Src/jeti_uart.o
 .debug_macro   0x0000000000018d61      0x355 Src/main.o
 .debug_macro   0x00000000000190b6      0x338 Src/stm32f3xx_hal_msp.o
 .debug_macro   0x00000000000193ee      0x35b Src/stm32f3xx_it.o
 .debug_macro   0x0000000000019749      0x33e Src/system_stm32f3xx.o

.debug_line     0x0000000000000000     0xc815
 .debug_line    0x0000000000000000      0x9ec Drivers/STM32F3xx_HAL_Driver/Src/stm32f3xx_hal.o
 .debug_line    0x00000000000009ec     0x1600 Drivers/STM32F3xx_HAL_Driver/Src/stm32f3xx_hal_adc_ex.o
 .debug_line    0x0000000000001fec      0xd47 Drivers/STM32F3xx_HAL_Driver/Src/stm32f3xx_hal_can.o
 .debug_line    0x0000000000002d33      0xaf8 Drivers/STM32F3xx_HAL_Driver/Src/stm32f3xx_hal_cortex.o
 .debug_line    0x000000000000382b      0x9ce Drivers/STM32F3xx_HAL_Driver/Src/stm32f3xx_hal_gpio.o
 .debug_line    0x00000000000041f9      0xf59 Drivers/STM32F3xx_HAL_Driver/Src/stm32f3xx_hal_rcc.o
 .debug_line    0x0000000000005152      0x9f8 Drivers/STM32F3xx_HAL_Driver/Src/stm32f3xx_hal_rcc_ex.o
 .debug_line    0x0000000000005b4a     0x1299 Drivers/STM32F3xx_HAL_Driver/Src/stm32f3xx_hal_spi.o
 .debug_line    0x0000000000006de3     0x1a54 Drivers/STM32F3xx_HAL_Driver/Src/stm32f3xx_hal_tim.o
 .debug_line    0x0000000000008837      0xf88 Drivers/STM32F3xx_HAL_Driver/Src/stm32f3xx_hal_tim_ex.o
 .debug_line    0x00000000000097bf      0xa67 Src/jeti_uart.o
 .debug_line    0x000000000000a226      0xa04 Src/main.o
 .debug_line    0x000000000000ac2a      0x93b Src/stm32f3xx_hal_msp.o
 .debug_line    0x000000000000b565      0x9bd Src/stm32f3xx_it.o
 .debug_line    0x000000000000bf22      0x874 Src/system_stm32f3xx.o
 .debug_line    0x000000000000c796       0x7f startup/startup_stm32f303x8.o

.debug_str      0x0000000000000000    0x8e0c3
 .debug_str     0x0000000000000000    0x8a169 Drivers/STM32F3xx_HAL_Driver/Src/stm32f3xx_hal.o
                                      0x8a485 (size before relaxing)
 .debug_str     0x000000000008a169      0xc47 Drivers/STM32F3xx_HAL_Driver/Src/stm32f3xx_hal_adc_ex.o
                                      0x8aac1 (size before relaxing)
 .debug_str     0x000000000008adb0      0x4ce Drivers/STM32F3xx_HAL_Driver/Src/stm32f3xx_hal_can.o
                                      0x8a35c (size before relaxing)
 .debug_str     0x000000000008b27e      0x2f4 Drivers/STM32F3xx_HAL_Driver/Src/stm32f3xx_hal_cortex.o
                                      0x8a492 (size before relaxing)
 .debug_str     0x000000000008b572      0x2db Drivers/STM32F3xx_HAL_Driver/Src/stm32f3xx_hal_gpio.o
                                      0x8a157 (size before relaxing)
 .debug_str     0x000000000008b84d      0x3fe Drivers/STM32F3xx_HAL_Driver/Src/stm32f3xx_hal_rcc.o
                                      0x8a2c8 (size before relaxing)
 .debug_str     0x000000000008bc4b      0x17f Drivers/STM32F3xx_HAL_Driver/Src/stm32f3xx_hal_rcc_ex.o
                                      0x89ffb (size before relaxing)
 .debug_str     0x000000000008bdca      0x729 Drivers/STM32F3xx_HAL_Driver/Src/stm32f3xx_hal_spi.o
                                      0x8a70c (size before relaxing)
 .debug_str     0x000000000008c4f3      0xf1c Drivers/STM32F3xx_HAL_Driver/Src/stm32f3xx_hal_tim.o
                                      0x8af26 (size before relaxing)
 .debug_str     0x000000000008d40f      0x615 Drivers/STM32F3xx_HAL_Driver/Src/stm32f3xx_hal_tim_ex.o
                                      0x8a950 (size before relaxing)
 .debug_str     0x000000000008da24      0x3b3 Src/jeti_uart.o
                                      0x8a18c (size before relaxing)
 .debug_str     0x000000000008ddd7      0x14a Src/main.o
                                      0x8b1c3 (size before relaxing)
 .debug_str     0x000000000008df21       0x47 Src/stm32f3xx_hal_msp.o
                                      0x8ac57 (size before relaxing)
 .debug_str     0x000000000008df68       0xf7 Src/stm32f3xx_it.o
                                      0x8a532 (size before relaxing)
 .debug_str     0x000000000008e05f       0x64 Src/system_stm32f3xx.o
                                      0x89e88 (size before relaxing)

.comment        0x0000000000000000       0x7f
 .comment       0x0000000000000000       0x7f Drivers/STM32F3xx_HAL_Driver/Src/stm32f3xx_hal.o
                                         0x80 (size before relaxing)
 .comment       0x000000000000007f       0x80 Drivers/STM32F3xx_HAL_Driver/Src/stm32f3xx_hal_adc_ex.o
 .comment       0x000000000000007f       0x80 Drivers/STM32F3xx_HAL_Driver/Src/stm32f3xx_hal_can.o
 .comment       0x000000000000007f       0x80 Drivers/STM32F3xx_HAL_Driver/Src/stm32f3xx_hal_cortex.o
 .comment       0x000000000000007f       0x80 Drivers/STM32F3xx_HAL_Driver/Src/stm32f3xx_hal_gpio.o
 .comment       0x000000000000007f       0x80 Drivers/STM32F3xx_HAL_Driver/Src/stm32f3xx_hal_rcc.o
 .comment       0x000000000000007f       0x80 Drivers/STM32F3xx_HAL_Driver/Src/stm32f3xx_hal_rcc_ex.o
 .comment       0x000000000000007f       0x80 Drivers/STM32F3xx_HAL_Driver/Src/stm32f3xx_hal_spi.o
 .comment       0x000000000000007f       0x80 Drivers/STM32F3xx_HAL_Driver/Src/stm32f3xx_hal_tim.o
 .comment       0x000000000000007f       0x80 Drivers/STM32F3xx_HAL_Driver/Src/stm32f3xx_hal_tim_ex.o
 .comment       0x000000000000007f       0x80 Src/jeti_uart.o
 .comment       0x000000000000007f       0x80 Src/main.o
 .comment       0x000000000000007f       0x80 Src/stm32f3xx_hal_msp.o
 .comment       0x000000000000007f       0x80 Src/stm32f3xx_it.o
 .comment       0x000000000000007f       0x80 Src/system_stm32f3xx.o

.debug_frame    0x0000000000000000     0x3a60
 .debug_frame   0x0000000000000000      0x2d0 Drivers/STM32F3xx_HAL_Driver/Src/stm32f3xx_hal.o
 .debug_frame   0x00000000000002d0      0x640 Drivers/STM32F3xx_HAL_Driver/Src/stm32f3xx_hal_adc_ex.o
 .debug_frame   0x0000000000000910      0x2f8 Drivers/STM32F3xx_HAL_Driver/Src/stm32f3xx_hal_can.o
 .debug_frame   0x0000000000000c08      0x428 Drivers/STM32F3xx_HAL_Driver/Src/stm32f3xx_hal_cortex.o
 .debug_frame   0x0000000000001030      0x14c Drivers/STM32F3xx_HAL_Driver/Src/stm32f3xx_hal_gpio.o
 .debug_frame   0x000000000000117c      0x210 Drivers/STM32F3xx_HAL_Driver/Src/stm32f3xx_hal_rcc.o
 .debug_frame   0x000000000000138c       0xb0 Drivers/STM32F3xx_HAL_Driver/Src/stm32f3xx_hal_rcc_ex.o
 .debug_frame   0x000000000000143c      0x864 Drivers/STM32F3xx_HAL_Driver/Src/stm32f3xx_hal_spi.o
 .debug_frame   0x0000000000001ca0      0xffc Drivers/STM32F3xx_HAL_Driver/Src/stm32f3xx_hal_tim.o
 .debug_frame   0x0000000000002c9c      0x688 Drivers/STM32F3xx_HAL_Driver/Src/stm32f3xx_hal_tim_ex.o
 .debug_frame   0x0000000000003324      0x1ac Src/jeti_uart.o
 .debug_frame   0x00000000000034d0      0x1bc Src/main.o
 .debug_frame   0x000000000000368c      0x154 Src/stm32f3xx_hal_msp.o
 .debug_frame   0x00000000000037e0      0x1b4 Src/stm32f3xx_it.o
 .debug_frame   0x0000000000003994       0x58 Src/system_stm32f3xx.o
 .debug_frame   0x00000000000039ec       0x2c /home/stepan/Software/AC6/plugins/fr.ac6.mcu.externaltools.arm-none.linux64_1.15.0.201708311556/tools/compiler/bin/../lib/gcc/arm-none-eabi/6.3.1/../../../../arm-none-eabi/lib/thumb/v7e-m/fpv4-sp/hard/libc_nano.a(lib_a-init.o)
 .debug_frame   0x0000000000003a18       0x28 /home/stepan/Software/AC6/plugins/fr.ac6.mcu.externaltools.arm-none.linux64_1.15.0.201708311556/tools/compiler/bin/../lib/gcc/arm-none-eabi/6.3.1/../../../../arm-none-eabi/lib/thumb/v7e-m/fpv4-sp/hard/libc_nano.a(lib_a-memcpy-stub.o)
 .debug_frame   0x0000000000003a40       0x20 /home/stepan/Software/AC6/plugins/fr.ac6.mcu.externaltools.arm-none.linux64_1.15.0.201708311556/tools/compiler/bin/../lib/gcc/arm-none-eabi/6.3.1/../../../../arm-none-eabi/lib/thumb/v7e-m/fpv4-sp/hard/libc_nano.a(lib_a-memset.o)
